../Core/Src/main.c:393:6:StartDefaultTask	8	static
../Core/Src/main.c:412:6:StartReceiveDataTask	8	static
../Core/Src/main.c:442:6:StartAnalysisDataTask	16	static
../Core/Src/main.c:472:6:StartSaveToSdCardTask	48	static
../Core/Src/main.c:91:5:_write	4	static,ignoring_inline_asm
../Core/Src/main.c:210:6:SystemClock_Config	88	static,ignoring_inline_asm
../Core/Src/main.c:106:5:main	176	static,ignoring_inline_asm
../Core/Src/main.c:373:6:HAL_UART_RxCpltCallback	16	static,ignoring_inline_asm
../Core/Src/main.c:562:6:HAL_TIM_PeriodElapsedCallback	8	static
../Core/Src/main.c:580:6:Error_Handler	0	static,ignoring_inline_asm
