Archive member included to satisfy reference by file (symbol)

../Middlewares/ST/AI/Lib\NetworkRuntime900_CM4_GCC.a(ai_platform.o)
                              ./X-CUBE-AI/App/imu_model.o (ai_buffer_array_item_set_address)
../Middlewares/ST/AI/Lib\NetworkRuntime900_CM4_GCC.a(ai_platform_interface.o)
                              ./X-CUBE-AI/App/imu_model.o (ai_platform_get_weights_map)
../Middlewares/ST/AI/Lib\NetworkRuntime900_CM4_GCC.a(core_common.o)
                              ../Middlewares/ST/AI/Lib\NetworkRuntime900_CM4_GCC.a(ai_platform_interface.o) (core_init)
../Middlewares/ST/AI/Lib\NetworkRuntime900_CM4_GCC.a(core_mem_manager.o)
                              ../Middlewares/ST/AI/Lib\NetworkRuntime900_CM4_GCC.a(ai_platform_interface.o) (core_mem_alloc)
../Middlewares/ST/AI/Lib\NetworkRuntime900_CM4_GCC.a(layers.o)
                              ../Middlewares/ST/AI/Lib\NetworkRuntime900_CM4_GCC.a(ai_platform_interface.o) (ai_check_custom_types)
../Middlewares/ST/AI/Lib\NetworkRuntime900_CM4_GCC.a(layers_conv2d_stm32_integer.o)
                              ./X-CUBE-AI/App/imu_model.o (forward_dense_integer_SSSA_ch)
../Middlewares/ST/AI/Lib\NetworkRuntime900_CM4_GCC.a(layers_nl_stm32_integer.o)
                              ./X-CUBE-AI/App/imu_model.o (forward_sm_integer)
../Middlewares/ST/AI/Lib\NetworkRuntime900_CM4_GCC.a(layers_conv2d_integer_scratch.o)
                              ../Middlewares/ST/AI/Lib\NetworkRuntime900_CM4_GCC.a(layers.o) (get_conv2d_scratch_size)
../Middlewares/ST/AI/Lib\NetworkRuntime900_CM4_GCC.a(forward_lite_dense_is8os8ws8.o)
                              ../Middlewares/ST/AI/Lib\NetworkRuntime900_CM4_GCC.a(layers_conv2d_stm32_integer.o) (forward_lite_dense_is8os8ws8)
../Middlewares/ST/AI/Lib\NetworkRuntime900_CM4_GCC.a(lite_nl_generic_integer.o)
                              ../Middlewares/ST/AI/Lib\NetworkRuntime900_CM4_GCC.a(layers_nl_stm32_integer.o) (forward_lite_nl_softmax_is8os8)
../Middlewares/ST/AI/Lib\NetworkRuntime900_CM4_GCC.a(st_align_factor.o)
                              ../Middlewares/ST/AI/Lib\NetworkRuntime900_CM4_GCC.a(layers_conv2d_stm32_integer.o) (align_factor)
../Middlewares/ST/AI/Lib\NetworkRuntime900_CM4_GCC.a(st_sssa8_convolve.o)
                              ../Middlewares/ST/AI/Lib\NetworkRuntime900_CM4_GCC.a(layers_conv2d_stm32_integer.o) (st_sssa8_convolve_rank1upd)
../Middlewares/ST/AI/Lib\NetworkRuntime900_CM4_GCC.a(st_sssa8_convolve_1x1.o)
                              ../Middlewares/ST/AI/Lib\NetworkRuntime900_CM4_GCC.a(layers_conv2d_stm32_integer.o) (st_sssa8_convolve_1x1_WeightsPrefetch)
../Middlewares/ST/AI/Lib\NetworkRuntime900_CM4_GCC.a(st_sssa8_convolve_dw.o)
                              ../Middlewares/ST/AI/Lib\NetworkRuntime900_CM4_GCC.a(layers_conv2d_stm32_integer.o) (st_sssa8_conv_dw_Wadapt)
../Middlewares/ST/AI/Lib\NetworkRuntime900_CM4_GCC.a(st_sssa8_convolve_rgb.o)
                              ../Middlewares/ST/AI/Lib\NetworkRuntime900_CM4_GCC.a(layers_conv2d_stm32_integer.o) (st_sssa8_convolve_rgb)
../Middlewares/ST/AI/Lib\NetworkRuntime900_CM4_GCC.a(st_ssua8_ch_convolve.o)
                              ../Middlewares/ST/AI/Lib\NetworkRuntime900_CM4_GCC.a(layers_conv2d_stm32_integer.o) (st_ssua8_ch_convolve_rank1upd)
../Middlewares/ST/AI/Lib\NetworkRuntime900_CM4_GCC.a(st_ssua8_ch_convolve_1x1.o)
                              ../Middlewares/ST/AI/Lib\NetworkRuntime900_CM4_GCC.a(layers_conv2d_stm32_integer.o) (st_ssua8_ch_convolve_1x1)
../Middlewares/ST/AI/Lib\NetworkRuntime900_CM4_GCC.a(st_ssua8_ch_convolve_dw.o)
                              ../Middlewares/ST/AI/Lib\NetworkRuntime900_CM4_GCC.a(layers_conv2d_stm32_integer.o) (st_ssua8_ch_conv_dw_Wadapt)
../Middlewares/ST/AI/Lib\NetworkRuntime900_CM4_GCC.a(st_ssua8_ch_convolve_rgb.o)
                              ../Middlewares/ST/AI/Lib\NetworkRuntime900_CM4_GCC.a(layers_conv2d_stm32_integer.o) (st_ssua8_ch_convolve_rgb)
../Middlewares/ST/AI/Lib\NetworkRuntime900_CM4_GCC.a(st_ssua8_convolve.o)
                              ../Middlewares/ST/AI/Lib\NetworkRuntime900_CM4_GCC.a(layers_conv2d_stm32_integer.o) (st_ssua8_convolve_rank1upd)
../Middlewares/ST/AI/Lib\NetworkRuntime900_CM4_GCC.a(st_ssua8_convolve_1x1.o)
                              ../Middlewares/ST/AI/Lib\NetworkRuntime900_CM4_GCC.a(layers_conv2d_stm32_integer.o) (st_ssua8_convolve_1x1)
../Middlewares/ST/AI/Lib\NetworkRuntime900_CM4_GCC.a(st_ssua8_convolve_dw.o)
                              ../Middlewares/ST/AI/Lib\NetworkRuntime900_CM4_GCC.a(layers_conv2d_stm32_integer.o) (st_ssua8_conv_dw_Wadapt)
../Middlewares/ST/AI/Lib\NetworkRuntime900_CM4_GCC.a(st_ssua8_convolve_rgb.o)
                              ../Middlewares/ST/AI/Lib\NetworkRuntime900_CM4_GCC.a(layers_conv2d_stm32_integer.o) (st_ssua8_convolve_rgb)
../Middlewares/ST/AI/Lib\NetworkRuntime900_CM4_GCC.a(st_uaua8_ch_convolve.o)
[...]
Memory Configuration

Name             Origin             Length             Attributes
RAM              0x20000000         0x00020000         xrw
FLASH            0x08000000         0x00080000         xr
*default*        0x00000000         0xffffffff

Linker script and memory map

LOAD C:/ST/STM32CubeIDE_1.17.0/STM32CubeIDE/plugins/com.st.stm32cube.ide.mcu.externaltools.gnu-tools-for-stm32.12.3.rel1.win32_1.1.0.202410251130/tools/bin/../lib/gcc/arm-none-eabi/12.3.1/thumb/v7e-m+fp/hard/crti.o
LOAD C:/ST/STM32CubeIDE_1.17.0/STM32CubeIDE/plugins/com.st.stm32cube.ide.mcu.externaltools.gnu-tools-for-stm32.12.3.rel1.win32_1.1.0.202410251130/tools/bin/../lib/gcc/arm-none-eabi/12.3.1/thumb/v7e-m+fp/hard/crtbegin.o
LOAD C:/ST/STM32CubeIDE_1.17.0/STM32CubeIDE/plugins/com.st.stm32cube.ide.mcu.externaltools.gnu-tools-for-stm32.12.3.rel1.win32_1.1.0.202410251130/tools/bin/../lib/gcc/arm-none-eabi/12.3.1/../../../../arm-none-eabi/lib/thumb/v7e-m+fp/hard/crt0.o
LOAD ./Core/Src/freertos.o
LOAD ./Core/Src/main.o
LOAD ./Core/Src/stm32f4xx_hal_msp.o
LOAD ./Core/Src/stm32f4xx_hal_timebase_tim.o
LOAD ./Core/Src/stm32f4xx_it.o
LOAD ./Core/Src/sysmem.o
LOAD ./Core/Src/system_stm32f4xx.o
LOAD ./Core/Startup/startup_stm32f411vetx.o
LOAD ./Drivers/STM32F4xx_HAL_Driver/Src/stm32f4xx_hal.o
LOAD ./Drivers/STM32F4xx_HAL_Driver/Src/stm32f4xx_hal_cortex.o
LOAD ./Drivers/STM32F4xx_HAL_Driver/Src/stm32f4xx_hal_crc.o
LOAD ./Drivers/STM32F4xx_HAL_Driver/Src/stm32f4xx_hal_dma.o
LOAD ./Drivers/STM32F4xx_HAL_Driver/Src/stm32f4xx_hal_dma_ex.o
LOAD ./Drivers/STM32F4xx_HAL_Driver/Src/stm32f4xx_hal_exti.o
LOAD ./Drivers/STM32F4xx_HAL_Driver/Src/stm32f4xx_hal_flash.o
LOAD ./Drivers/STM32F4xx_HAL_Driver/Src/stm32f4xx_hal_flash_ex.o
LOAD ./Drivers/STM32F4xx_HAL_Driver/Src/stm32f4xx_hal_flash_ramfunc.o
LOAD ./Drivers/STM32F4xx_HAL_Driver/Src/stm32f4xx_hal_gpio.o
LOAD ./Drivers/STM32F4xx_HAL_Driver/Src/stm32f4xx_hal_pwr.o
LOAD ./Drivers/STM32F4xx_HAL_Driver/Src/stm32f4xx_hal_pwr_ex.o
LOAD ./Drivers/STM32F4xx_HAL_Driver/Src/stm32f4xx_hal_rcc.o
LOAD ./Drivers/STM32F4xx_HAL_Driver/Src/stm32f4xx_hal_rcc_ex.o
LOAD ./Drivers/STM32F4xx_HAL_Driver/Src/stm32f4xx_hal_spi.o
LOAD ./Drivers/STM32F4xx_HAL_Driver/Src/stm32f4xx_hal_tim.o
LOAD ./Drivers/STM32F4xx_HAL_Driver/Src/stm32f4xx_hal_tim_ex.o
LOAD ./Drivers/STM32F4xx_HAL_Driver/Src/stm32f4xx_hal_uart.o
LOAD ./Lib/HAL_MPU9250.o
LOAD ./Middlewares/Third_Party/FreeRTOS/Source/CMSIS_RTOS/cmsis_os.o
LOAD ./Middlewares/Third_Party/FreeRTOS/Source/croutine.o
LOAD ./Middlewares/Third_Party/FreeRTOS/Source/event_groups.o
LOAD ./Middlewares/Third_Party/FreeRTOS/Source/list.o
LOAD ./Middlewares/Third_Party/FreeRTOS/Source/queue.o
LOAD ./Middlewares/Third_Party/FreeRTOS/Source/stream_buffer.o
LOAD ./Middlewares/Third_Party/FreeRTOS/Source/tasks.o
LOAD ./Middlewares/Third_Party/FreeRTOS/Source/timers.o
LOAD ./Middlewares/Third_Party/FreeRTOS/Source/portable/GCC/ARM_CM4F/port.o
LOAD ./Middlewares/Third_Party/FreeRTOS/Source/portable/MemMang/heap_4.o
LOAD ./X-CUBE-AI/App/imu_model.o
LOAD ./X-CUBE-AI/App/imu_model_data.o
LOAD ./X-CUBE-AI/App/imu_model_data_params.o
LOAD ../Middlewares/ST/AI/Lib\NetworkRuntime900_CM4_GCC.a
START GROUP
LOAD C:/ST/STM32CubeIDE_1.17.0/STM32CubeIDE/plugins/com.st.stm32cube.ide.mcu.externaltools.gnu-tools-for-stm32.12.3.rel1.win32_1.1.0.202410251130/tools/bin/../lib/gcc/arm-none-eabi/12.3.1/../../../../arm-none-eabi/lib/thumb/v7e-m+fp/hard\libc_nano.a
LOAD C:/ST/STM32CubeIDE_1.17.0/STM32CubeIDE/plugins/com.st.stm32cube.ide.mcu.externaltools.gnu-tools-for-stm32.12.3.rel1.win32_1.1.0.202410251130/tools/bin/../lib/gcc/arm-none-eabi/12.3.1/../../../../arm-none-eabi/lib/thumb/v7e-m+fp/hard\libm.a
END GROUP
START GROUP
LOAD C:/ST/STM32CubeIDE_1.17.0/STM32CubeIDE/plugins/com.st.stm32cube.ide.mcu.externaltools.gnu-tools-for-stm32.12.3.rel1.win32_1.1.0.202410251130/tools/bin/../lib/gcc/arm-none-eabi/12.3.1/thumb/v7e-m+fp/hard\libgcc.a
LOAD C:/ST/STM32CubeIDE_1.17.0/STM32CubeIDE/plugins/com.st.stm32cube.ide.mcu.externaltools.gnu-tools-for-stm32.12.3.rel1.win32_1.1.0.202410251130/tools/bin/../lib/gcc/arm-none-eabi/12.3.1/../../../../arm-none-eabi/lib/thumb/v7e-m+fp/hard\libc_nano.a
END GROUP
START GROUP
LOAD C:/ST/STM32CubeIDE_1.17.0/STM32CubeIDE/plugins/com.st.stm32cube.ide.mcu.externaltools.gnu-tools-for-stm32.12.3.rel1.win32_1.1.0.202410251130/tools/bin/../lib/gcc/arm-none-eabi/12.3.1/thumb/v7e-m+fp/hard\libgcc.a
LOAD C:/ST/STM32CubeIDE_1.17.0/STM32CubeIDE/plugins/com.st.stm32cube.ide.mcu.externaltools.gnu-tools-for-stm32.12.3.rel1.win32_1.1.0.202410251130/tools/bin/../lib/gcc/arm-none-eabi/12.3.1/../../../../arm-none-eabi/lib/thumb/v7e-m+fp/hard\libc_nano.a
LOAD C:/ST/STM32CubeIDE_1.17.0/STM32CubeIDE/plugins/com.st.stm32cube.ide.mcu.externaltools.gnu-tools-for-stm32.12.3.rel1.win32_1.1.0.202410251130/tools/bin/../lib/gcc/arm-none-eabi/12.3.1/../../../../arm-none-eabi/lib/thumb/v7e-m+fp/hard\libnosys.a
END GROUP
START GROUP
LOAD C:/ST/STM32CubeIDE_1.17.0/STM32CubeIDE/plugins/com.st.stm32cube.ide.mcu.externaltools.gnu-tools-for-stm32.12.3.rel1.win32_1.1.0.202410251130/tools/bin/../lib/gcc/arm-none-eabi/12.3.1/thumb/v7e-m+fp/hard\libgcc.a
LOAD C:/ST/STM32CubeIDE_1.17.0/STM32CubeIDE/plugins/com.st.stm32cube.ide.mcu.externaltools.gnu-tools-for-stm32.12.3.rel1.win32_1.1.0.202410251130/tools/bin/../lib/gcc/arm-none-eabi/12.3.1/../../../../arm-none-eabi/lib/thumb/v7e-m+fp/hard\libc_nano.a
LOAD C:/ST/STM32CubeIDE_1.17.0/STM32CubeIDE/plugins/com.st.stm32cube.ide.mcu.externaltools.gnu-tools-for-stm32.12.3.rel1.win32_1.1.0.202410251130/tools/bin/../lib/gcc/arm-none-eabi/12.3.1/../../../../arm-none-eabi/lib/thumb/v7e-m+fp/hard\libnosys.a
END GROUP
LOAD C:/ST/STM32CubeIDE_1.17.0/STM32CubeIDE/plugins/com.st.stm32cube.ide.mcu.externaltools.gnu-tools-for-stm32.12.3.rel1.win32_1.1.0.202410251130/tools/bin/../lib/gcc/arm-none-eabi/12.3.1/thumb/v7e-m+fp/hard/crtend.o
LOAD C:/ST/STM32CubeIDE_1.17.0/STM32CubeIDE/plugins/com.st.stm32cube.ide.mcu.externaltools.gnu-tools-for-stm32.12.3.rel1.win32_1.1.0.202410251130/tools/bin/../lib/gcc/arm-none-eabi/12.3.1/thumb/v7e-m+fp/hard/crtn.o
                0x20020000                        _estack = (ORIGIN (RAM) + LENGTH (RAM))
                0x00000800                        _Min_Heap_Size = 0x800
                0x00000800                        _Min_Stack_Size = 0x800

.isr_vector     0x08000000      0x198
                0x08000000                        . = ALIGN (0x4)
 *(.isr_vector)
 .isr_vector    0x08000000      0x198 ./Core/Startup/startup_stm32f411vetx.o
                0x08000000                g_pfnVectors
                0x08000198                        . = ALIGN (0x4)

.text           0x080001a0     0xd264
                0x080001a0                        . = ALIGN (0x4)
 *(.text)
 .text          0x080001a0       0x40 C:/ST/STM32CubeIDE_1.17.0/STM32CubeIDE/plugins/com.st.stm32cube.ide.mcu.externaltools.gnu-tools-for-stm32.12.3.rel1.win32_1.1.0.202410251130/tools/bin/../lib/gcc/arm-none-eabi/12.3.1/thumb/v7e-m+fp/hard/crtbegin.o
 .text          0x080001e0       0xa0 C:/ST/STM32CubeIDE_1.17.0/STM32CubeIDE/plugins/com.st.stm32cube.ide.mcu.externaltools.gnu-tools-for-stm32.12.3.rel1.win32_1.1.0.202410251130/tools/bin/../lib/gcc/arm-none-eabi/12.3.1/../../../../arm-none-eabi/lib/thumb/v7e-m+fp/hard\libc_nano.a(libc_a-memchr.o)
                0x080001e0                memchr
 .text          0x08000280       0x10 C:/ST/STM32CubeIDE_1.17.0/STM32CubeIDE/plugins/com.st.stm32cube.ide.mcu.externaltools.gnu-tools-for-stm32.12.3.rel1.win32_1.1.0.202410251130/tools/bin/../lib/gcc/arm-none-eabi/12.3.1/../../../../arm-none-eabi/lib/thumb/v7e-m+fp/hard\libc_nano.a(libc_a-strlen.o)
                0x08000280                strlen
 .text          0x08000290      0x378 C:/ST/STM32CubeIDE_1.17.0/STM32CubeIDE/plugins/com.st.stm32cube.ide.mcu.externaltools.gnu-tools-for-stm32.12.3.rel1.win32_1.1.0.202410251130/tools/bin/../lib/gcc/arm-none-eabi/12.3.1/thumb/v7e-m+fp/hard\libgcc.a(_arm_addsubdf3.o)
                0x08000290                __aeabi_drsub
                0x08000298                __aeabi_dsub
                0x08000298                __subdf3
                0x0800029c                __aeabi_dadd
                0x0800029c                __adddf3
                0x08000514                __floatunsidf
                0x08000514                __aeabi_ui2d
                0x08000534                __floatsidf
                0x08000534                __aeabi_i2d
                0x08000558                __aeabi_f2d
                0x08000558                __extendsfdf2
                0x0800059c                __floatundidf
                0x0800059c                __aeabi_ul2d
                0x080005ac                __floatdidf
                0x080005ac                __aeabi_l2d
 .text          0x08000608      0x424 C:/ST/STM32CubeIDE_1.17.0/STM32CubeIDE/plugins/com.st.stm32cube.ide.mcu.externaltools.gnu-tools-for-stm32.12.3.rel1.win32_1.1.0.202410251130/tools/bin/../lib/gcc/arm-none-eabi/12.3.1/thumb/v7e-m+fp/hard\libgcc.a(_arm_muldivdf3.o)
                0x08000608                __aeabi_dmul
                0x08000608                __muldf3
                0x0800085c                __divdf3
                0x0800085c                __aeabi_ddiv
 .text          0x08000a2c      0x110 C:/ST/STM32CubeIDE_1.17.0/STM32CubeIDE/plugins/com.st.stm32cube.ide.mcu.externaltools.gnu-tools-for-stm32.12.3.rel1.win32_1.1.0.202410251130/tools/bin/../lib/gcc/arm-none-eabi/12.3.1/thumb/v7e-m+fp/hard\libgcc.a(_arm_cmpdf2.o)
                0x08000a2c                __gtdf2
                0x08000a2c                __gedf2
                0x08000a34                __ltdf2
                0x08000a34                __ledf2
                0x08000a3c                __nedf2
                0x08000a3c                __eqdf2
                0x08000a3c                __cmpdf2
                0x08000ab8                __aeabi_cdrcmple
                0x08000ac8                __aeabi_cdcmpeq
                0x08000ac8                __aeabi_cdcmple
                0x08000ad8                __aeabi_dcmpeq
                0x08000aec                __aeabi_dcmplt
                0x08000b00                __aeabi_dcmple
                0x08000b14                __aeabi_dcmpge
                0x08000b28                __aeabi_dcmpgt
 .text          0x08000b3c       0x2c C:/ST/STM32CubeIDE_1.17.0/STM32CubeIDE/plugins/com.st.stm32cube.ide.mcu.externaltools.gnu-tools-for-stm32.12.3.rel1.win32_1.1.0.202410251130/tools/bin/../lib/gcc/arm-none-eabi/12.3.1/thumb/v7e-m+fp/hard\libgcc.a(_arm_unorddf2.o)
                0x08000b3c                __unorddf2
                0x08000b3c                __aeabi_dcmpun
 .text          0x08000b68       0x50 C:/ST/STM32CubeIDE_1.17.0/STM32CubeIDE/plugins/com.st.stm32cube.ide.mcu.externaltools.gnu-tools-for-stm32.12.3.rel1.win32_1.1.0.202410251130/tools/bin/../lib/gcc/arm-none-eabi/12.3.1/thumb/v7e-m+fp/hard\libgcc.a(_arm_fixdfsi.o)
                0x08000b68                __aeabi_d2iz
                0x08000b68                __fixdfsi
 .text          0x08000bb8       0xa0 C:/ST/STM32CubeIDE_1.17.0/STM32CubeIDE/plugins/com.st.stm32cube.ide.mcu.externaltools.gnu-tools-for-stm32.12.3.rel1.win32_1.1.0.202410251130/tools/bin/../lib/gcc/arm-none-eabi/12.3.1/thumb/v7e-m+fp/hard\libgcc.a(_arm_truncdfsf2.o)
                0x08000bb8                __truncdfsf2
                0x08000bb8                __aeabi_d2f
 .text          0x08000c58       0x30 C:/ST/STM32CubeIDE_1.17.0/STM32CubeIDE/plugins/com.st.stm32cube.ide.mcu.externaltools.gnu-tools-for-stm32.12.3.rel1.win32_1.1.0.202410251130/tools/bin/../lib/gcc/arm-none-eabi/12.3.1/thumb/v7e-m+fp/hard\libgcc.a(_aeabi_uldivmod.o)
                0x08000c58                __aeabi_uldivmod
 .text          0x08000c88      0x2bc C:/ST/STM32CubeIDE_1.17.0/STM32CubeIDE/plugins/com.st.stm32cube.ide.mcu.externaltools.gnu-tools-for-stm32.12.3.rel1.win32_1.1.0.202410251130/tools/bin/../lib/gcc/arm-none-eabi/12.3.1/thumb/v7e-m+fp/hard\libgcc.a(_udivmoddi4.o)
                0x08000c88                __udivmoddi4
 .text          0x08000f44        0x4 C:/ST/STM32CubeIDE_1.17.0/STM32CubeIDE/plugins/com.st.stm32cube.ide.mcu.externaltools.gnu-tools-for-stm32.12.3.rel1.win32_1.1.0.202410251130/tools/bin/../lib/gcc/arm-none-eabi/12.3.1/thumb/v7e-m+fp/hard\libgcc.a(_dvmd_tls.o)
                0x08000f44                __aeabi_idiv0
                0x08000f44                __aeabi_ldiv0
 *(.text*)
 .text.vApplicationGetIdleTaskMemory
                0x08000f48       0x34 ./Core/Src/freertos.o
                0x08000f48                vApplicationGetIdleTaskMemory
 .text.ITM_SendChar
                0x08000f7c       0x4e ./Core/Src/main.o
 .text._write   0x08000fca       0x3c ./Core/Src/main.o
                0x08000fca                _write
 *fill*         0x08001006        0x2 
 .text.main     0x08001008      0x104 ./Core/Src/main.o
                0x08001008                main
 .text.SystemClock_Config
                0x0800110c       0xd0 ./Core/Src/main.o
                0x0800110c                SystemClock_Config
 .text.MX_CRC_Init
                0x080011dc       0x28 ./Core/Src/main.o
 .text.MX_SPI1_Init
                0x08001204       0x6c ./Core/Src/main.o
 .text.MX_USART2_UART_Init
                0x08001270       0x54 ./Core/Src/main.o
 .text.MX_GPIO_Init
                0x080012c4       0xec ./Core/Src/main.o
 .text.IMU_Init
                0x080013b0       0x50 ./Core/Src/main.o
                0x080013b0                IMU_Init
 .text.IMU_readRawData
                0x08001400      0x2ac ./Core/Src/main.o
                0x08001400                IMU_readRawData
 .text.IMU_UpdateAngles
                0x080016ac      0x29c ./Core/Src/main.o
                0x080016ac                IMU_UpdateAngles
 .text.StartRunTask
                0x08001948       0x24 ./Core/Src/main.o
                0x08001948                StartRunTask
 .text.StartReadDataTask
                0x0800196c       0x6c ./Core/Src/main.o
                0x0800196c                StartReadDataTask
 .text.StartSendDataTask
                0x080019d8       0xb4 ./Core/Src/main.o
                0x080019d8                StartSendDataTask
 .text.run_imu_model
                0x08001a8c      0x238 ./Core/Src/main.o
                0x08001a8c                run_imu_model
 .text.StartDefaultTask
                0x08001cc4       0x24 ./Core/Src/main.o
                0x08001cc4                StartDefaultTask
 .text.HAL_TIM_PeriodElapsedCallback
                0x08001ce8       0x24 ./Core/Src/main.o
                0x08001ce8                HAL_TIM_PeriodElapsedCallback
 .text.Error_Handler
                0x08001d0c       0x1c ./Core/Src/main.o
                0x08001d0c                Error_Handler
 .text.HAL_MspInit
                0x08001d28       0x58 ./Core/Src/stm32f4xx_hal_msp.o
                0x08001d28                HAL_MspInit
 .text.HAL_CRC_MspInit
                0x08001d80       0x44 ./Core/Src/stm32f4xx_hal_msp.o
                0x08001d80                HAL_CRC_MspInit
 .text.HAL_SPI_MspInit
                0x08001dc4       0x90 ./Core/Src/stm32f4xx_hal_msp.o
                0x08001dc4                HAL_SPI_MspInit
 .text.HAL_UART_MspInit
                0x08001e54       0x90 ./Core/Src/stm32f4xx_hal_msp.o
                0x08001e54                HAL_UART_MspInit
 .text.HAL_InitTick
                0x08001ee4       0xe4 ./Core/Src/stm32f4xx_hal_timebase_tim.o
                0x08001ee4                HAL_InitTick
 .text.NMI_Handler
                0x08001fc8        0x8 ./Core/Src/stm32f4xx_it.o
                0x08001fc8                NMI_Handler
 .text.HardFault_Handler
                0x08001fd0        0x8 ./Core/Src/stm32f4xx_it.o
                0x08001fd0                HardFault_Handler
 .text.MemManage_Handler
                0x08001fd8        0x8 ./Core/Src/stm32f4xx_it.o
                0x08001fd8                MemManage_Handler
 .text.BusFault_Handler
                0x08001fe0        0x8 ./Core/Src/stm32f4xx_it.o
                0x08001fe0                BusFault_Handler
 .text.UsageFault_Handler
                0x08001fe8        0x8 ./Core/Src/stm32f4xx_it.o
                0x08001fe8                UsageFault_Handler
 .text.DebugMon_Handler
                0x08001ff0        0xe ./Core/Src/stm32f4xx_it.o
                0x08001ff0                DebugMon_Handler
 *fill*         0x08001ffe        0x2 
 .text.TIM1_TRG_COM_TIM11_IRQHandler
                0x08002000       0x14 ./Core/Src/stm32f4xx_it.o
                0x08002000                TIM1_TRG_COM_TIM11_IRQHandler
 .text._sbrk    0x08002014       0x6c ./Core/Src/sysmem.o
                0x08002014                _sbrk
 .text.SystemInit
                0x08002080       0x24 ./Core/Src/system_stm32f4xx.o
                0x08002080                SystemInit
 .text.Reset_Handler
                0x080020a4       0x50 ./Core/Startup/startup_stm32f411vetx.o
                0x080020a4                Reset_Handler
 .text.Default_Handler
                0x080020f4        0x2 ./Core/Startup/startup_stm32f411vetx.o
                0x080020f4                RTC_Alarm_IRQHandler
                0x080020f4                EXTI2_IRQHandler
                0x080020f4                SPI4_IRQHandler
                0x080020f4                TIM1_CC_IRQHandler
                0x080020f4                DMA2_Stream5_IRQHandler
                0x080020f4                DMA1_Stream5_IRQHandler
                0x080020f4                PVD_IRQHandler
                0x080020f4                SDIO_IRQHandler
                0x080020f4                TAMP_STAMP_IRQHandler
                0x080020f4                EXTI3_IRQHandler
                0x080020f4                TIM1_UP_TIM10_IRQHandler
                0x080020f4                I2C3_ER_IRQHandler
                0x080020f4                EXTI0_IRQHandler
                0x080020f4                I2C2_EV_IRQHandler
                0x080020f4                DMA1_Stream2_IRQHandler
                0x080020f4                FPU_IRQHandler
                0x080020f4                DMA2_Stream2_IRQHandler
                0x080020f4                SPI1_IRQHandler
                0x080020f4                TIM1_BRK_TIM9_IRQHandler
                0x080020f4                DMA2_Stream3_IRQHandler
                0x080020f4                USART6_IRQHandler
                0x080020f4                DMA2_Stream0_IRQHandler
                0x080020f4                TIM4_IRQHandler
                0x080020f4                I2C1_EV_IRQHandler
                0x080020f4                DMA1_Stream6_IRQHandler
                0x080020f4                DMA1_Stream1_IRQHandler
                0x080020f4                TIM3_IRQHandler
                0x080020f4                RCC_IRQHandler
                0x080020f4                Default_Handler
                0x080020f4                EXTI15_10_IRQHandler
                0x080020f4                ADC_IRQHandler
                0x080020f4                DMA1_Stream7_IRQHandler
                0x080020f4                SPI5_IRQHandler
                0x080020f4                TIM5_IRQHandler
                0x080020f4                DMA2_Stream7_IRQHandler
                0x080020f4                I2C3_EV_IRQHandler
                0x080020f4                EXTI9_5_IRQHandler
                0x080020f4                RTC_WKUP_IRQHandler
                0x080020f4                SPI2_IRQHandler
                0x080020f4                DMA1_Stream0_IRQHandler
                0x080020f4                EXTI4_IRQHandler
                0x080020f4                WWDG_IRQHandler
                0x080020f4                TIM2_IRQHandler
                0x080020f4                OTG_FS_WKUP_IRQHandler
                0x080020f4                EXTI1_IRQHandler
                0x080020f4                USART2_IRQHandler
                0x080020f4                I2C2_ER_IRQHandler
                0x080020f4                DMA2_Stream1_IRQHandler
                0x080020f4                FLASH_IRQHandler
                0x080020f4                DMA2_Stream4_IRQHandler
                0x080020f4                USART1_IRQHandler
                0x080020f4                OTG_FS_IRQHandler
                0x080020f4                SPI3_IRQHandler
                0x080020f4                DMA1_Stream4_IRQHandler
                0x080020f4                I2C1_ER_IRQHandler
                0x080020f4                DMA2_Stream6_IRQHandler
                0x080020f4                DMA1_Stream3_IRQHandler
 *fill*         0x080020f6        0x2 
 .text.HAL_Init
                0x080020f8       0x44 ./Drivers/STM32F4xx_HAL_Driver/Src/stm32f4xx_hal.o
                0x080020f8                HAL_Init
 .text.HAL_IncTick
                0x0800213c       0x28 ./Drivers/STM32F4xx_HAL_Driver/Src/stm32f4xx_hal.o
                0x0800213c                HAL_IncTick
 .text.HAL_GetTick
                0x08002164       0x18 ./Drivers/STM32F4xx_HAL_Driver/Src/stm32f4xx_hal.o
                0x08002164                HAL_GetTick
 .text.HAL_Delay
                0x0800217c       0x48 ./Drivers/STM32F4xx_HAL_Driver/Src/stm32f4xx_hal.o
                0x0800217c                HAL_Delay
 .text.__NVIC_SetPriorityGrouping
                0x080021c4       0x48 ./Drivers/STM32F4xx_HAL_Driver/Src/stm32f4xx_hal_cortex.o
 .text.__NVIC_GetPriorityGrouping
                0x0800220c       0x1c ./Drivers/STM32F4xx_HAL_Driver/Src/stm32f4xx_hal_cortex.o
 .text.__NVIC_EnableIRQ
                0x08002228       0x3c ./Drivers/STM32F4xx_HAL_Driver/Src/stm32f4xx_hal_cortex.o
 .text.__NVIC_SetPriority
                0x08002264       0x54 ./Drivers/STM32F4xx_HAL_Driver/Src/stm32f4xx_hal_cortex.o
 .text.NVIC_EncodePriority
                0x080022b8       0x66 ./Drivers/STM32F4xx_HAL_Driver/Src/stm32f4xx_hal_cortex.o
 .text.HAL_NVIC_SetPriorityGrouping
                0x0800231e       0x16 ./Drivers/STM32F4xx_HAL_Driver/Src/stm32f4xx_hal_cortex.o
                0x0800231e                HAL_NVIC_SetPriorityGrouping
 .text.HAL_NVIC_SetPriority
                0x08002334       0x38 ./Drivers/STM32F4xx_HAL_Driver/Src/stm32f4xx_hal_cortex.o
                0x08002334                HAL_NVIC_SetPriority
 .text.HAL_NVIC_EnableIRQ
                0x0800236c       0x1c ./Drivers/STM32F4xx_HAL_Driver/Src/stm32f4xx_hal_cortex.o
                0x0800236c                HAL_NVIC_EnableIRQ
 .text.HAL_CRC_Init
                0x08002388       0x38 ./Drivers/STM32F4xx_HAL_Driver/Src/stm32f4xx_hal_crc.o
                0x08002388                HAL_CRC_Init
 .text.HAL_GPIO_Init
                0x080023c0      0x308 ./Drivers/STM32F4xx_HAL_Driver/Src/stm32f4xx_hal_gpio.o
                0x080023c0                HAL_GPIO_Init
 .text.HAL_GPIO_WritePin
                0x080026c8       0x32 ./Drivers/STM32F4xx_HAL_Driver/Src/stm32f4xx_hal_gpio.o
                0x080026c8                HAL_GPIO_WritePin
 .text.HAL_GPIO_TogglePin
                0x080026fa       0x34 ./Drivers/STM32F4xx_HAL_Driver/Src/stm32f4xx_hal_gpio.o
                0x080026fa                HAL_GPIO_TogglePin
 *fill*         0x0800272e        0x2 
 .text.HAL_RCC_OscConfig
                0x08002730      0x4f0 ./Drivers/STM32F4xx_HAL_Driver/Src/stm32f4xx_hal_rcc.o
                0x08002730                HAL_RCC_OscConfig
 .text.HAL_RCC_ClockConfig
                0x08002c20      0x1cc ./Drivers/STM32F4xx_HAL_Driver/Src/stm32f4xx_hal_rcc.o
                0x08002c20                HAL_RCC_ClockConfig
 .text.HAL_RCC_GetSysClockFreq
                0x08002dec      0x20c ./Drivers/STM32F4xx_HAL_Driver/Src/stm32f4xx_hal_rcc.o
                0x08002dec                HAL_RCC_GetSysClockFreq
 .text.HAL_RCC_GetHCLKFreq
                0x08002ff8       0x18 ./Drivers/STM32F4xx_HAL_Driver/Src/stm32f4xx_hal_rcc.o
                0x08002ff8                HAL_RCC_GetHCLKFreq
 .text.HAL_RCC_GetPCLK1Freq
                0x08003010       0x28 ./Drivers/STM32F4xx_HAL_Driver/Src/stm32f4xx_hal_rcc.o
                0x08003010                HAL_RCC_GetPCLK1Freq
 .text.HAL_RCC_GetPCLK2Freq
                0x08003038       0x28 ./Drivers/STM32F4xx_HAL_Driver/Src/stm32f4xx_hal_rcc.o
                0x08003038                HAL_RCC_GetPCLK2Freq
 .text.HAL_RCC_GetClockConfig
                0x08003060       0x64 ./Drivers/STM32F4xx_HAL_Driver/Src/stm32f4xx_hal_rcc.o
                0x08003060                HAL_RCC_GetClockConfig
 .text.HAL_SPI_Init
                0x080030c4      0x112 ./Drivers/STM32F4xx_HAL_Driver/Src/stm32f4xx_hal_spi.o
                0x080030c4                HAL_SPI_Init
 .text.HAL_SPI_Transmit
                0x080031d6      0x288 ./Drivers/STM32F4xx_HAL_Driver/Src/stm32f4xx_hal_spi.o
                0x080031d6                HAL_SPI_Transmit
 .text.HAL_SPI_Receive
                0x0800345e      0x232 ./Drivers/STM32F4xx_HAL_Driver/Src/stm32f4xx_hal_spi.o
                0x0800345e                HAL_SPI_Receive
 .text.HAL_SPI_TransmitReceive
                0x08003690      0x352 ./Drivers/STM32F4xx_HAL_Driver/Src/stm32f4xx_hal_spi.o
                0x08003690                HAL_SPI_TransmitReceive
 *fill*         0x080039e2        0x2 
 .text.SPI_WaitFlagStateUntilTimeout
                0x080039e4      0x110 ./Drivers/STM32F4xx_HAL_Driver/Src/stm32f4xx_hal_spi.o
 .text.SPI_EndRxTransaction
                0x08003af4       0xca ./Drivers/STM32F4xx_HAL_Driver/Src/stm32f4xx_hal_spi.o
 *fill*         0x08003bbe        0x2 
 .text.SPI_EndRxTxTransaction
                0x08003bc0       0xa8 ./Drivers/STM32F4xx_HAL_Driver/Src/stm32f4xx_hal_spi.o
 .text.HAL_TIM_Base_Init
                0x08003c68       0x9e ./Drivers/STM32F4xx_HAL_Driver/Src/stm32f4xx_hal_tim.o
                0x08003c68                HAL_TIM_Base_Init
 .text.HAL_TIM_Base_MspInit
                0x08003d06       0x14 ./Drivers/STM32F4xx_HAL_Driver/Src/stm32f4xx_hal_tim.o
                0x08003d06                HAL_TIM_Base_MspInit
 *fill*         0x08003d1a        0x2 
 .text.HAL_TIM_Base_Start_IT
                0x08003d1c       0xc4 ./Drivers/STM32F4xx_HAL_Driver/Src/stm32f4xx_hal_tim.o
                0x08003d1c                HAL_TIM_Base_Start_IT
 .text.HAL_TIM_IRQHandler
                0x08003de0      0x1e0 ./Drivers/STM32F4xx_HAL_Driver/Src/stm32f4xx_hal_tim.o
                0x08003de0                HAL_TIM_IRQHandler
 .text.HAL_TIM_OC_DelayElapsedCallback
                0x08003fc0       0x14 ./Drivers/STM32F4xx_HAL_Driver/Src/stm32f4xx_hal_tim.o
                0x08003fc0                HAL_TIM_OC_DelayElapsedCallback
 .text.HAL_TIM_IC_CaptureCallback
                0x08003fd4       0x14 ./Drivers/STM32F4xx_HAL_Driver/Src/stm32f4xx_hal_tim.o
                0x08003fd4                HAL_TIM_IC_CaptureCallback
 .text.HAL_TIM_PWM_PulseFinishedCallback
                0x08003fe8       0x14 ./Drivers/STM32F4xx_HAL_Driver/Src/stm32f4xx_hal_tim.o
                0x08003fe8                HAL_TIM_PWM_PulseFinishedCallback
 .text.HAL_TIM_TriggerCallback
                0x08003ffc       0x14 ./Drivers/STM32F4xx_HAL_Driver/Src/stm32f4xx_hal_tim.o
                0x08003ffc                HAL_TIM_TriggerCallback
 .text.TIM_Base_SetConfig
                0x08004010      0x118 ./Drivers/STM32F4xx_HAL_Driver/Src/stm32f4xx_hal_tim.o
                0x08004010                TIM_Base_SetConfig
 .text.HAL_TIMEx_CommutCallback
                0x08004128       0x14 ./Drivers/STM32F4xx_HAL_Driver/Src/stm32f4xx_hal_tim_ex.o
                0x08004128                HAL_TIMEx_CommutCallback
 .text.HAL_TIMEx_BreakCallback
                0x0800413c       0x14 ./Drivers/STM32F4xx_HAL_Driver/Src/stm32f4xx_hal_tim_ex.o
                0x0800413c                HAL_TIMEx_BreakCallback
 .text.HAL_UART_Init
                0x08004150       0xa0 ./Drivers/STM32F4xx_HAL_Driver/Src/stm32f4xx_hal_uart.o
                0x08004150                HAL_UART_Init
 .text.HAL_UART_Transmit
                0x080041f0      0x116 ./Drivers/STM32F4xx_HAL_Driver/Src/stm32f4xx_hal_uart.o
                0x080041f0                HAL_UART_Transmit
 .text.UART_WaitOnFlagUntilTimeout
                0x08004306       0xb2 ./Drivers/STM32F4xx_HAL_Driver/Src/stm32f4xx_hal_uart.o
 .text.UART_EndRxTransfer
                0x080043b8       0xc6 ./Drivers/STM32F4xx_HAL_Driver/Src/stm32f4xx_hal_uart.o
 *fill*         0x0800447e        0x2 
 .text.UART_SetConfig
                0x08004480      0x4e8 ./Drivers/STM32F4xx_HAL_Driver/Src/stm32f4xx_hal_uart.o
 .text.MPU9250_Init
                0x08004968      0x22c ./Lib/HAL_MPU9250.o
                0x08004968                MPU9250_Init
 .text.MPU9250_ReadData
                0x08004b94       0x78 ./Lib/HAL_MPU9250.o
                0x08004b94                MPU9250_ReadData
 .text.MPU9250_WriteData
                0x08004c0c       0x60 ./Lib/HAL_MPU9250.o
                0x08004c0c                MPU9250_WriteData
 .text.makeFreeRtosPriority
                0x08004c6c       0x30 ./Middlewares/Third_Party/FreeRTOS/Source/CMSIS_RTOS/cmsis_os.o
 .text.inHandlerMode
                0x08004c9c       0x24 ./Middlewares/Third_Party/FreeRTOS/Source/CMSIS_RTOS/cmsis_os.o
 .text.osKernelStart
                0x08004cc0        0xe ./Middlewares/Third_Party/FreeRTOS/Source/CMSIS_RTOS/cmsis_os.o
                0x08004cc0                osKernelStart
 .text.osThreadCreate
                0x08004cce       0x98 ./Middlewares/Third_Party/FreeRTOS/Source/CMSIS_RTOS/cmsis_os.o
                0x08004cce                osThreadCreate
 .text.osDelay  0x08004d66       0x28 ./Middlewares/Third_Party/FreeRTOS/Source/CMSIS_RTOS/cmsis_os.o
                0x08004d66                osDelay
 .text.osMessageCreate
                0x08004d8e       0x50 ./Middlewares/Third_Party/FreeRTOS/Source/CMSIS_RTOS/cmsis_os.o
                0x08004d8e                osMessageCreate
 *fill*         0x08004dde        0x2 
 .text.osMessagePut
                0x08004de0       0x80 ./Middlewares/Third_Party/FreeRTOS/Source/CMSIS_RTOS/cmsis_os.o
                0x08004de0                osMessagePut
 .text.osMessageGet
                0x08004e60       0xe8 ./Middlewares/Third_Party/FreeRTOS/Source/CMSIS_RTOS/cmsis_os.o
                0x08004e60                osMessageGet
 .text.vListInitialise
                0x08004f48       0x40 ./Middlewares/Third_Party/FreeRTOS/Source/list.o
                0x08004f48                vListInitialise
 .text.vListInitialiseItem
                0x08004f88       0x1a ./Middlewares/Third_Party/FreeRTOS/Source/list.o
                0x08004f88                vListInitialiseItem
 .text.vListInsertEnd
                0x08004fa2       0x48 ./Middlewares/Third_Party/FreeRTOS/Source/list.o
                0x08004fa2                vListInsertEnd
 .text.vListInsert
                0x08004fea       0x72 ./Middlewares/Third_Party/FreeRTOS/Source/list.o
                0x08004fea                vListInsert
 .text.uxListRemove
                0x0800505c       0x54 ./Middlewares/Third_Party/FreeRTOS/Source/list.o
                0x0800505c                uxListRemove
 .text.xQueueGenericReset
                0x080050b0       0xd4 ./Middlewares/Third_Party/FreeRTOS/Source/queue.o
                0x080050b0                xQueueGenericReset
 .text.xQueueGenericCreateStatic
                0x08005184       0xfa ./Middlewares/Third_Party/FreeRTOS/Source/queue.o
                0x08005184                xQueueGenericCreateStatic
 .text.xQueueGenericCreate
                0x0800527e       0x76 ./Middlewares/Third_Party/FreeRTOS/Source/queue.o
                0x0800527e                xQueueGenericCreate
 .text.prvInitialiseNewQueue
                0x080052f4       0x3e ./Middlewares/Third_Party/FreeRTOS/Source/queue.o
 *fill*         0x08005332        0x2 
 .text.xQueueGenericSend
                0x08005334      0x204 ./Middlewares/Third_Party/FreeRTOS/Source/queue.o
                0x08005334                xQueueGenericSend
 .text.xQueueGenericSendFromISR
                0x08005538      0x13c ./Middlewares/Third_Party/FreeRTOS/Source/queue.o
                0x08005538                xQueueGenericSendFromISR
 .text.xQueueReceive
                0x08005674      0x1c4 ./Middlewares/Third_Party/FreeRTOS/Source/queue.o
                0x08005674                xQueueReceive
 .text.xQueueReceiveFromISR
                0x08005838      0x104 ./Middlewares/Third_Party/FreeRTOS/Source/queue.o
                0x08005838                xQueueReceiveFromISR
 .text.prvCopyDataToQueue
                0x0800593c       0xd4 ./Middlewares/Third_Party/FreeRTOS/Source/queue.o
 .text.prvCopyDataFromQueue
                0x08005a10       0x4c ./Middlewares/Third_Party/FreeRTOS/Source/queue.o
 .text.prvUnlockQueue
                0x08005a5c       0xa4 ./Middlewares/Third_Party/FreeRTOS/Source/queue.o
 .text.prvIsQueueEmpty
                0x08005b00       0x2c ./Middlewares/Third_Party/FreeRTOS/Source/queue.o
 .text.prvIsQueueFull
                0x08005b2c       0x30 ./Middlewares/Third_Party/FreeRTOS/Source/queue.o
 .text.xTaskCreateStatic
                0x08005b5c       0xc0 ./Middlewares/Third_Party/FreeRTOS/Source/tasks.o
                0x08005b5c                xTaskCreateStatic
 .text.xTaskCreate
                0x08005c1c       0x8a ./Middlewares/Third_Party/FreeRTOS/Source/tasks.o
                0x08005c1c                xTaskCreate
 *fill*         0x08005ca6        0x2 
 .text.prvInitialiseNewTask
                0x08005ca8      0x140 ./Middlewares/Third_Party/FreeRTOS/Source/tasks.o
 .text.prvAddNewTaskToReadyList
                0x08005de8       0xd4 ./Middlewares/Third_Party/FreeRTOS/Source/tasks.o
 .text.vTaskDelay
                0x08005ebc       0x6c ./Middlewares/Third_Party/FreeRTOS/Source/tasks.o
                0x08005ebc                vTaskDelay
 .text.vTaskStartScheduler
                0x08005f28       0xd4 ./Middlewares/Third_Party/FreeRTOS/Source/tasks.o
                0x08005f28                vTaskStartScheduler
 .text.vTaskSuspendAll
                0x08005ffc       0x1c ./Middlewares/Third_Party/FreeRTOS/Source/tasks.o
                0x08005ffc                vTaskSuspendAll
 .text.xTaskResumeAll
                0x08006018      0x13c ./Middlewares/Third_Party/FreeRTOS/Source/tasks.o
                0x08006018                xTaskResumeAll
 .text.xTaskIncrementTick
                0x08006154      0x174 ./Middlewares/Third_Party/FreeRTOS/Source/tasks.o
                0x08006154                xTaskIncrementTick
 .text.vTaskSwitchContext
                0x080062c8       0xc8 ./Middlewares/Third_Party/FreeRTOS/Source/tasks.o
                0x080062c8                vTaskSwitchContext
 .text.vTaskPlaceOnEventList
                0x08006390       0x4c ./Middlewares/Third_Party/FreeRTOS/Source/tasks.o
                0x08006390                vTaskPlaceOnEventList
 .text.xTaskRemoveFromEventList
                0x080063dc       0xc8 ./Middlewares/Third_Party/FreeRTOS/Source/tasks.o
                0x080063dc                xTaskRemoveFromEventList
 .text.vTaskInternalSetTimeOutState
                0x080064a4       0x2c ./Middlewares/Third_Party/FreeRTOS/Source/tasks.o
                0x080064a4                vTaskInternalSetTimeOutState
 .text.xTaskCheckForTimeOut
                0x080064d0       0xc8 ./Middlewares/Third_Party/FreeRTOS/Source/tasks.o
                0x080064d0                xTaskCheckForTimeOut
 .text.vTaskMissedYield
                0x08006598       0x18 ./Middlewares/Third_Party/FreeRTOS/Source/tasks.o
                0x08006598                vTaskMissedYield
 .text.prvIdleTask
                0x080065b0       0x30 ./Middlewares/Third_Party/FreeRTOS/Source/tasks.o
 .text.prvInitialiseTaskLists
                0x080065e0       0x80 ./Middlewares/Third_Party/FreeRTOS/Source/tasks.o
 .text.prvCheckTasksWaitingTermination
                0x08006660       0x5c ./Middlewares/Third_Party/FreeRTOS/Source/tasks.o
 .text.prvDeleteTCB
                0x080066bc       0x6a ./Middlewares/Third_Party/FreeRTOS/Source/tasks.o
 *fill*         0x08006726        0x2 
 .text.prvResetNextTaskUnblockTime
                0x08006728       0x40 ./Middlewares/Third_Party/FreeRTOS/Source/tasks.o
 .text.xTaskGetSchedulerState
                0x08006768       0x3c ./Middlewares/Third_Party/FreeRTOS/Source/tasks.o
                0x08006768                xTaskGetSchedulerState
 .text.xTaskPriorityDisinherit
                0x080067a4      0x110 ./Middlewares/Third_Party/FreeRTOS/Source/tasks.o
                0x080067a4                xTaskPriorityDisinherit
 .text.prvAddCurrentTaskToDelayedList
                0x080068b4       0xcc ./Middlewares/Third_Party/FreeRTOS/Source/tasks.o
 .text.pxPortInitialiseStack
                0x08006980       0x68 ./Middlewares/Third_Party/FreeRTOS/Source/portable/GCC/ARM_CM4F/port.o
                0x08006980                pxPortInitialiseStack
 .text.prvTaskExitError
                0x080069e8       0x5c ./Middlewares/Third_Party/FreeRTOS/Source/portable/GCC/ARM_CM4F/port.o
 *fill*         0x08006a44        0xc 
 .text.SVC_Handler
                0x08006a50       0x28 ./Middlewares/Third_Party/FreeRTOS/Source/portable/GCC/ARM_CM4F/port.o
                0x08006a50                SVC_Handler
 .text.prvPortStartFirstTask
                0x08006a78       0x28 ./Middlewares/Third_Party/FreeRTOS/Source/portable/GCC/ARM_CM4F/port.o
 .text.xPortStartScheduler
                0x08006aa0      0x148 ./Middlewares/Third_Party/FreeRTOS/Source/portable/GCC/ARM_CM4F/port.o
                0x08006aa0                xPortStartScheduler
 .text.vPortEnterCritical
                0x08006be8       0x64 ./Middlewares/Third_Party/FreeRTOS/Source/portable/GCC/ARM_CM4F/port.o
                0x08006be8                vPortEnterCritical
 .text.vPortExitCritical
                0x08006c4c       0x54 ./Middlewares/Third_Party/FreeRTOS/Source/portable/GCC/ARM_CM4F/port.o
                0x08006c4c                vPortExitCritical
 .text.PendSV_Handler
                0x08006ca0       0x68 ./Middlewares/Third_Party/FreeRTOS/Source/portable/GCC/ARM_CM4F/port.o
                0x08006ca0                PendSV_Handler
 .text.SysTick_Handler
                0x08006d08       0x44 ./Middlewares/Third_Party/FreeRTOS/Source/portable/GCC/ARM_CM4F/port.o
                0x08006d08                SysTick_Handler
 .text.vPortSetupTimerInterrupt
                0x08006d4c       0x48 ./Middlewares/Third_Party/FreeRTOS/Source/portable/GCC/ARM_CM4F/port.o
                0x08006d4c                vPortSetupTimerInterrupt
 .text.vPortEnableVFP
                0x08006d94       0x14 ./Middlewares/Third_Party/FreeRTOS/Source/portable/GCC/ARM_CM4F/port.o
 .text.vPortValidateInterruptPriority
                0x08006da8       0x84 ./Middlewares/Third_Party/FreeRTOS/Source/portable/GCC/ARM_CM4F/port.o
                0x08006da8                vPortValidateInterruptPriority
 .text.pvPortMalloc
                0x08006e2c      0x19c ./Middlewares/Third_Party/FreeRTOS/Source/portable/MemMang/heap_4.o
                0x08006e2c                pvPortMalloc
 .text.vPortFree
                0x08006fc8       0xc8 ./Middlewares/Third_Party/FreeRTOS/Source/portable/MemMang/heap_4.o
                0x08006fc8                vPortFree
 .text.prvHeapInit
                0x08007090       0xc4 ./Middlewares/Third_Party/FreeRTOS/Source/portable/MemMang/heap_4.o
 .text.prvInsertBlockIntoFreeList
                0x08007154       0xb4 ./Middlewares/Third_Party/FreeRTOS/Source/portable/MemMang/heap_4.o
 .text.imu_model_configure_activations
                0x08007208      0x10c ./X-CUBE-AI/App/imu_model.o
 .text.imu_model_configure_weights
                0x08007314      0x118 ./X-CUBE-AI/App/imu_model.o
 .text.ai_imu_model_get_report
                0x0800742c       0xd8 ./X-CUBE-AI/App/imu_model.o
                0x0800742c                ai_imu_model_get_report
 .text.ai_imu_model_get_error
                0x08007504       0x18 ./X-CUBE-AI/App/imu_model.o
                0x08007504                ai_imu_model_get_error
 .text.ai_imu_model_create
                0x0800751c       0x2c ./X-CUBE-AI/App/imu_model.o
                0x0800751c                ai_imu_model_create
 .text.ai_imu_model_create_and_init
                0x08007548       0xfc ./X-CUBE-AI/App/imu_model.o
                0x08007548                ai_imu_model_create_and_init
 .text.ai_imu_model_init
                0x08007644       0x78 ./X-CUBE-AI/App/imu_model.o
                0x08007644                ai_imu_model_init
 .text.ai_imu_model_run
                0x080076bc       0x20 ./X-CUBE-AI/App/imu_model.o
                0x080076bc                ai_imu_model_run
 .text.ai_imu_model_data_params_get
                0x080076dc       0x50 ./X-CUBE-AI/App/imu_model_data.o
                0x080076dc                ai_imu_model_data_params_get
 .text.ai_buffer_get_size
                0x0800772c       0x68 ../Middlewares/ST/AI/Lib\NetworkRuntime900_CM4_GCC.a(ai_platform.o)
                0x0800772c                ai_buffer_get_size
 .text.ai_buffer_array_sane
                0x08007794       0x14 ../Middlewares/ST/AI/Lib\NetworkRuntime900_CM4_GCC.a(ai_platform.o)
                0x08007794                ai_buffer_array_sane
 .text.ai_buffer_array_item_set_address
                0x080077a8       0x20 ../Middlewares/ST/AI/Lib\NetworkRuntime900_CM4_GCC.a(ai_platform.o)
                0x080077a8                ai_buffer_array_item_set_address
 .text.ai_platform_get_weights_map
                0x080077c8       0xa8 ../Middlewares/ST/AI/Lib\NetworkRuntime900_CM4_GCC.a(ai_platform_interface.o)
                0x080077c8                ai_platform_get_weights_map
 .text.ai_platform_get_activations_map
                0x08007870       0xa8 ../Middlewares/ST/AI/Lib\NetworkRuntime900_CM4_GCC.a(ai_platform_interface.o)
                0x08007870                ai_platform_get_activations_map
 .text.ai_platform_bind_network_params
                0x08007918       0x44 ../Middlewares/ST/AI/Lib\NetworkRuntime900_CM4_GCC.a(ai_platform_interface.o)
                0x08007918                ai_platform_bind_network_params
 .text.ai_platform_runtime_get_revision
                0x0800795c        0x8 ../Middlewares/ST/AI/Lib\NetworkRuntime900_CM4_GCC.a(ai_platform_interface.o)
                0x0800795c                ai_platform_runtime_get_revision
 .text.ai_platform_runtime_get_version
                0x08007964        0x8 ../Middlewares/ST/AI/Lib\NetworkRuntime900_CM4_GCC.a(ai_platform_interface.o)
                0x08007964                ai_platform_runtime_get_version
 .text.ai_platform_api_get_version
                0x0800796c       0x2c ../Middlewares/ST/AI/Lib\NetworkRuntime900_CM4_GCC.a(ai_platform_interface.o)
                0x0800796c                ai_platform_api_get_version
 .text.ai_platform_interface_api_get_version
                0x08007998       0x2c ../Middlewares/ST/AI/Lib\NetworkRuntime900_CM4_GCC.a(ai_platform_interface.o)
                0x08007998                ai_platform_interface_api_get_version
 .text.ai_platform_context_acquire
                0x080079c4       0x10 ../Middlewares/ST/AI/Lib\NetworkRuntime900_CM4_GCC.a(ai_platform_interface.o)
                0x080079c4                ai_platform_context_acquire
 .text.ai_platform_network_get_error
                0x080079d4       0x18 ../Middlewares/ST/AI/Lib\NetworkRuntime900_CM4_GCC.a(ai_platform_interface.o)
                0x080079d4                ai_platform_network_get_error
 .text.ai_platform_network_set_error
                0x080079ec        0xc ../Middlewares/ST/AI/Lib\NetworkRuntime900_CM4_GCC.a(ai_platform_interface.o)
                0x080079ec                ai_platform_network_set_error
 .text.ai_platform_api_get_network_report
                0x080079f8      0x35c ../Middlewares/ST/AI/Lib\NetworkRuntime900_CM4_GCC.a(ai_platform_interface.o)
                0x080079f8                ai_platform_api_get_network_report
 .text.ai_platform_network_create
                0x08007d54       0x84 ../Middlewares/ST/AI/Lib\NetworkRuntime900_CM4_GCC.a(ai_platform_interface.o)
                0x08007d54                ai_platform_network_create
 .text.ai_platform_network_init
                0x08007dd8      0x19c ../Middlewares/ST/AI/Lib\NetworkRuntime900_CM4_GCC.a(ai_platform_interface.o)
                0x08007dd8                ai_platform_network_init
 .text.ai_platform_network_post_init
                0x08007f74       0x60 ../Middlewares/ST/AI/Lib\NetworkRuntime900_CM4_GCC.a(ai_platform_interface.o)
                0x08007f74                ai_platform_network_post_init
 .text.ai_platform_network_process
                0x08007fd4      0x480 ../Middlewares/ST/AI/Lib\NetworkRuntime900_CM4_GCC.a(ai_platform_interface.o)
                0x08007fd4                ai_platform_network_process
 .text.core_init
                0x08008454        0x4 ../Middlewares/ST/AI/Lib\NetworkRuntime900_CM4_GCC.a(core_common.o)
                0x08008454                core_init
 .text.core_get_error
                0x08008458        0xc ../Middlewares/ST/AI/Lib\NetworkRuntime900_CM4_GCC.a(core_common.o)
                0x08008458                core_get_error
 .text.core_set_error
                0x08008464       0x18 ../Middlewares/ST/AI/Lib\NetworkRuntime900_CM4_GCC.a(core_common.o)
                0x08008464                core_set_error
 .text.ai_check_custom_types
                0x0800847c       0x54 ../Middlewares/ST/AI/Lib\NetworkRuntime900_CM4_GCC.a(layers.o)
                0x0800847c                ai_check_custom_types
 .text.ai_layers_init_all
                0x080084d0       0x1c ../Middlewares/ST/AI/Lib\NetworkRuntime900_CM4_GCC.a(layers.o)
                0x080084d0                ai_layers_init_all
 .text.ai_layers_post_init_all
                0x080084ec       0x28 ../Middlewares/ST/AI/Lib\NetworkRuntime900_CM4_GCC.a(layers.o)
                0x080084ec                ai_layers_post_init_all
 .text.ai_layers_forward_all
                0x08008514       0x94 ../Middlewares/ST/AI/Lib\NetworkRuntime900_CM4_GCC.a(layers.o)
                0x08008514                ai_layers_forward_all
 .text.forward_dense_integer_SSSA_ch
                0x080085a8      0x2b4 ../Middlewares/ST/AI/Lib\NetworkRuntime900_CM4_GCC.a(layers_conv2d_stm32_integer.o)
                0x080085a8                forward_dense_integer_SSSA_ch
 .text.forward_sm_integer
                0x0800885c       0xb8 ../Middlewares/ST/AI/Lib\NetworkRuntime900_CM4_GCC.a(layers_nl_stm32_integer.o)
                0x0800885c                forward_sm_integer
 .text.forward_lite_nl_softmax_is8os8
                0x08008914        0x4 ../Middlewares/ST/AI/Lib\NetworkRuntime900_CM4_GCC.a(lite_nl_generic_integer.o)
                0x08008914                forward_lite_nl_softmax_is8os8
 .text.forward_lite_nl_softmax_iu8ou8
                0x08008918        0x4 ../Middlewares/ST/AI/Lib\NetworkRuntime900_CM4_GCC.a(lite_nl_generic_integer.o)
                0x08008918                forward_lite_nl_softmax_iu8ou8
 .text.align_factor_ch
                0x0800891c       0x60 ../Middlewares/ST/AI/Lib\NetworkRuntime900_CM4_GCC.a(st_align_factor.o)
                0x0800891c                align_factor_ch
 .text.st_sssa8_ch_fully_connected
                0x0800897c      0x530 ../Middlewares/ST/AI/Lib\NetworkRuntime900_CM4_GCC.a(st_sssa8_ch_dense.o)
                0x0800897c                st_sssa8_ch_fully_connected
 .text.st_int8_copy
                0x08008eac      0x10c ../Middlewares/ST/AI/Lib\NetworkRuntime900_CM4_GCC.a(st_int8_fill.o)
                0x08008eac                st_int8_copy
 .text.st_int8_reordered_no_shift_zero
                0x08008fb8       0x68 ../Middlewares/ST/AI/Lib\NetworkRuntime900_CM4_GCC.a(st_int8_reordered_no_shift.o)
                0x08008fb8                st_int8_reordered_no_shift_zero
 .text.ai_array_to_buffer_fmt
                0x08009020       0xe0 ../Middlewares/ST/AI/Lib\NetworkRuntime900_CM4_GCC.a(ai_datatypes_format.o)
                0x08009020                ai_array_to_buffer_fmt
 .text.ai_array_get_data_byte_size
                0x08009100       0x24 ../Middlewares/ST/AI/Lib\NetworkRuntime900_CM4_GCC.a(ai_datatypes_format.o)
                0x08009100                ai_array_get_data_byte_size
 .text.ai_version_get
                0x08009124        0xc ../Middlewares/ST/AI/Lib\NetworkRuntime900_CM4_GCC.a(ai_datatypes_internal.o)
                0x08009124                ai_version_get
 .text.ai_platform_version_get
                0x08009130       0x24 ../Middlewares/ST/AI/Lib\NetworkRuntime900_CM4_GCC.a(ai_datatypes_internal.o)
                0x08009130                ai_platform_version_get
 .text.get_tensor_byte_size
                0x08009154       0x30 ../Middlewares/ST/AI/Lib\NetworkRuntime900_CM4_GCC.a(ai_datatypes_internal.o)
                0x08009154                get_tensor_byte_size
 .text._lite_kernel_nl_softmax_is8os8
                0x08009184      0x850 ../Middlewares/ST/AI/Lib\NetworkRuntime900_CM4_GCC.a(lite_nl_softmax_is8os8.o)
                0x08009184                _lite_kernel_nl_softmax_is8os8
 .text._lite_kernel_nl_softmax_iu8ou8
                0x080099d4      0x848 ../Middlewares/ST/AI/Lib\NetworkRuntime900_CM4_GCC.a(lite_nl_softmax_iu8ou8.o)
                0x080099d4                _lite_kernel_nl_softmax_iu8ou8
 .text.malloc   0x0800a21c       0x10 C:/ST/STM32CubeIDE_1.17.0/STM32CubeIDE/plugins/com.st.stm32cube.ide.mcu.externaltools.gnu-tools-for-stm32.12.3.rel1.win32_1.1.0.202410251130/tools/bin/../lib/gcc/arm-none-eabi/12.3.1/../../../../arm-none-eabi/lib/thumb/v7e-m+fp/hard\libc_nano.a(libc_a-malloc.o)
                0x0800a21c                malloc
 .text.sbrk_aligned
                0x0800a22c       0x44 C:/ST/STM32CubeIDE_1.17.0/STM32CubeIDE/plugins/com.st.stm32cube.ide.mcu.externaltools.gnu-tools-for-stm32.12.3.rel1.win32_1.1.0.202410251130/tools/bin/../lib/gcc/arm-none-eabi/12.3.1/../../../../arm-none-eabi/lib/thumb/v7e-m+fp/hard\libc_nano.a(libc_a-mallocr.o)
 .text._malloc_r
                0x0800a270      0x100 C:/ST/STM32CubeIDE_1.17.0/STM32CubeIDE/plugins/com.st.stm32cube.ide.mcu.externaltools.gnu-tools-for-stm32.12.3.rel1.win32_1.1.0.202410251130/tools/bin/../lib/gcc/arm-none-eabi/12.3.1/../../../../arm-none-eabi/lib/thumb/v7e-m+fp/hard\libc_nano.a(libc_a-mallocr.o)
                0x0800a270                _malloc_r
 .text.__malloc_lock
                0x0800a370        0xc C:/ST/STM32CubeIDE_1.17.0/STM32CubeIDE/plugins/com.st.stm32cube.ide.mcu.externaltools.gnu-tools-for-stm32.12.3.rel1.win32_1.1.0.202410251130/tools/bin/../lib/gcc/arm-none-eabi/12.3.1/../../../../arm-none-eabi/lib/thumb/v7e-m+fp/hard\libc_nano.a(libc_a-mlock.o)
                0x0800a370                __malloc_lock
 .text.__malloc_unlock
                0x0800a37c        0xc C:/ST/STM32CubeIDE_1.17.0/STM32CubeIDE/plugins/com.st.stm32cube.ide.mcu.externaltools.gnu-tools-for-stm32.12.3.rel1.win32_1.1.0.202410251130/tools/bin/../lib/gcc/arm-none-eabi/12.3.1/../../../../arm-none-eabi/lib/thumb/v7e-m+fp/hard\libc_nano.a(libc_a-mlock.o)
                0x0800a37c                __malloc_unlock
 .text._realloc_r
                0x0800a388       0x5c C:/ST/STM32CubeIDE_1.17.0/STM32CubeIDE/plugins/com.st.stm32cube.ide.mcu.externaltools.gnu-tools-for-stm32.12.3.rel1.win32_1.1.0.202410251130/tools/bin/../lib/gcc/arm-none-eabi/12.3.1/../../../../arm-none-eabi/lib/thumb/v7e-m+fp/hard\libc_nano.a(libc_a-reallocr.o)
                0x0800a388                _realloc_r
 .text.__cvt    0x0800a3e4       0xca C:/ST/STM32CubeIDE_1.17.0/STM32CubeIDE/plugins/com.st.stm32cube.ide.mcu.externaltools.gnu-tools-for-stm32.12.3.rel1.win32_1.1.0.202410251130/tools/bin/../lib/gcc/arm-none-eabi/12.3.1/../../../../arm-none-eabi/lib/thumb/v7e-m+fp/hard\libc_nano.a(libc_a-nano-vfprintf_float.o)
                0x0800a3e4                __cvt
 .text.__exponent
                0x0800a4ae       0x74 C:/ST/STM32CubeIDE_1.17.0/STM32CubeIDE/plugins/com.st.stm32cube.ide.mcu.externaltools.gnu-tools-for-stm32.12.3.rel1.win32_1.1.0.202410251130/tools/bin/../lib/gcc/arm-none-eabi/12.3.1/../../../../arm-none-eabi/lib/thumb/v7e-m+fp/hard\libc_nano.a(libc_a-nano-vfprintf_float.o)
                0x0800a4ae                __exponent
 *fill*         0x0800a522        0x2 
 .text._printf_float
                0x0800a524      0x454 C:/ST/STM32CubeIDE_1.17.0/STM32CubeIDE/plugins/com.st.stm32cube.ide.mcu.externaltools.gnu-tools-for-stm32.12.3.rel1.win32_1.1.0.202410251130/tools/bin/../lib/gcc/arm-none-eabi/12.3.1/../../../../arm-none-eabi/lib/thumb/v7e-m+fp/hard\libc_nano.a(libc_a-nano-vfprintf_float.o)
                0x0800a524                _printf_float
 .text._printf_common
                0x0800a978       0xda C:/ST/STM32CubeIDE_1.17.0/STM32CubeIDE/plugins/com.st.stm32cube.ide.mcu.externaltools.gnu-tools-for-stm32.12.3.rel1.win32_1.1.0.202410251130/tools/bin/../lib/gcc/arm-none-eabi/12.3.1/../../../../arm-none-eabi/lib/thumb/v7e-m+fp/hard\libc_nano.a(libc_a-nano-vfprintf_i.o)
                0x0800a978                _printf_common
 *fill*         0x0800aa52        0x2 
 .text._printf_i
                0x0800aa54      0x240 C:/ST/STM32CubeIDE_1.17.0/STM32CubeIDE/plugins/com.st.stm32cube.ide.mcu.externaltools.gnu-tools-for-stm32.12.3.rel1.win32_1.1.0.202410251130/tools/bin/../lib/gcc/arm-none-eabi/12.3.1/../../../../arm-none-eabi/lib/thumb/v7e-m+fp/hard\libc_nano.a(libc_a-nano-vfprintf_i.o)
                0x0800aa54                _printf_i
 .text.std      0x0800ac94       0x6c C:/ST/STM32CubeIDE_1.17.0/STM32CubeIDE/plugins/com.st.stm32cube.ide.mcu.externaltools.gnu-tools-for-stm32.12.3.rel1.win32_1.1.0.202410251130/tools/bin/../lib/gcc/arm-none-eabi/12.3.1/../../../../arm-none-eabi/lib/thumb/v7e-m+fp/hard\libc_nano.a(libc_a-findfp.o)
 .text.stdio_exit_handler
                0x0800ad00       0x18 C:/ST/STM32CubeIDE_1.17.0/STM32CubeIDE/plugins/com.st.stm32cube.ide.mcu.externaltools.gnu-tools-for-stm32.12.3.rel1.win32_1.1.0.202410251130/tools/bin/../lib/gcc/arm-none-eabi/12.3.1/../../../../arm-none-eabi/lib/thumb/v7e-m+fp/hard\libc_nano.a(libc_a-findfp.o)
 .text.cleanup_stdio
                0x0800ad18       0x40 C:/ST/STM32CubeIDE_1.17.0/STM32CubeIDE/plugins/com.st.stm32cube.ide.mcu.externaltools.gnu-tools-for-stm32.12.3.rel1.win32_1.1.0.202410251130/tools/bin/../lib/gcc/arm-none-eabi/12.3.1/../../../../arm-none-eabi/lib/thumb/v7e-m+fp/hard\libc_nano.a(libc_a-findfp.o)
 .text.global_stdio_init.part.0
                0x0800ad58       0x3c C:/ST/STM32CubeIDE_1.17.0/STM32CubeIDE/plugins/com.st.stm32cube.ide.mcu.externaltools.gnu-tools-for-stm32.12.3.rel1.win32_1.1.0.202410251130/tools/bin/../lib/gcc/arm-none-eabi/12.3.1/../../../../arm-none-eabi/lib/thumb/v7e-m+fp/hard\libc_nano.a(libc_a-findfp.o)
 .text.__sfp_lock_acquire
                0x0800ad94        0xc C:/ST/STM32CubeIDE_1.17.0/STM32CubeIDE/plugins/com.st.stm32cube.ide.mcu.externaltools.gnu-tools-for-stm32.12.3.rel1.win32_1.1.0.202410251130/tools/bin/../lib/gcc/arm-none-eabi/12.3.1/../../../../arm-none-eabi/lib/thumb/v7e-m+fp/hard\libc_nano.a(libc_a-findfp.o)
                0x0800ad94                __sfp_lock_acquire
 .text.__sfp_lock_release
                0x0800ada0        0xc C:/ST/STM32CubeIDE_1.17.0/STM32CubeIDE/plugins/com.st.stm32cube.ide.mcu.externaltools.gnu-tools-for-stm32.12.3.rel1.win32_1.1.0.202410251130/tools/bin/../lib/gcc/arm-none-eabi/12.3.1/../../../../arm-none-eabi/lib/thumb/v7e-m+fp/hard\libc_nano.a(libc_a-findfp.o)
                0x0800ada0                __sfp_lock_release
 .text.__sinit  0x0800adac       0x30 C:/ST/STM32CubeIDE_1.17.0/STM32CubeIDE/plugins/com.st.stm32cube.ide.mcu.externaltools.gnu-tools-for-stm32.12.3.rel1.win32_1.1.0.202410251130/tools/bin/../lib/gcc/arm-none-eabi/12.3.1/../../../../arm-none-eabi/lib/thumb/v7e-m+fp/hard\libc_nano.a(libc_a-findfp.o)
                0x0800adac                __sinit
 .text._fwalk_sglue
                0x0800addc       0x3c C:/ST/STM32CubeIDE_1.17.0/STM32CubeIDE/plugins/com.st.stm32cube.ide.mcu.externaltools.gnu-tools-for-stm32.12.3.rel1.win32_1.1.0.202410251130/tools/bin/../lib/gcc/arm-none-eabi/12.3.1/../../../../arm-none-eabi/lib/thumb/v7e-m+fp/hard\libc_nano.a(libc_a-fwalk.o)
                0x0800addc                _fwalk_sglue
 .text.printf   0x0800ae18       0x24 C:/ST/STM32CubeIDE_1.17.0/STM32CubeIDE/plugins/com.st.stm32cube.ide.mcu.externaltools.gnu-tools-for-stm32.12.3.rel1.win32_1.1.0.202410251130/tools/bin/../lib/gcc/arm-none-eabi/12.3.1/../../../../arm-none-eabi/lib/thumb/v7e-m+fp/hard\libc_nano.a(libc_a-printf.o)
                0x0800ae18                iprintf
                0x0800ae18                printf
 .text._puts_r  0x0800ae3c       0xaa C:/ST/STM32CubeIDE_1.17.0/STM32CubeIDE/plugins/com.st.stm32cube.ide.mcu.externaltools.gnu-tools-for-stm32.12.3.rel1.win32_1.1.0.202410251130/tools/bin/../lib/gcc/arm-none-eabi/12.3.1/../../../../arm-none-eabi/lib/thumb/v7e-m+fp/hard\libc_nano.a(libc_a-puts.o)
                0x0800ae3c                _puts_r
 *fill*         0x0800aee6        0x2 
 .text.puts     0x0800aee8       0x10 C:/ST/STM32CubeIDE_1.17.0/STM32CubeIDE/plugins/com.st.stm32cube.ide.mcu.externaltools.gnu-tools-for-stm32.12.3.rel1.win32_1.1.0.202410251130/tools/bin/../lib/gcc/arm-none-eabi/12.3.1/../../../../arm-none-eabi/lib/thumb/v7e-m+fp/hard\libc_nano.a(libc_a-puts.o)
                0x0800aee8                puts
 .text.sprintf  0x0800aef8       0x40 C:/ST/STM32CubeIDE_1.17.0/STM32CubeIDE/plugins/com.st.stm32cube.ide.mcu.externaltools.gnu-tools-for-stm32.12.3.rel1.win32_1.1.0.202410251130/tools/bin/../lib/gcc/arm-none-eabi/12.3.1/../../../../arm-none-eabi/lib/thumb/v7e-m+fp/hard\libc_nano.a(libc_a-sprintf.o)
                0x0800aef8                siprintf
                0x0800aef8                sprintf
 .text.__sread  0x0800af38       0x22 C:/ST/STM32CubeIDE_1.17.0/STM32CubeIDE/plugins/com.st.stm32cube.ide.mcu.externaltools.gnu-tools-for-stm32.12.3.rel1.win32_1.1.0.202410251130/tools/bin/../lib/gcc/arm-none-eabi/12.3.1/../../../../arm-none-eabi/lib/thumb/v7e-m+fp/hard\libc_nano.a(libc_a-stdio.o)
                0x0800af38                __sread
 .text.__swrite
                0x0800af5a       0x38 C:/ST/STM32CubeIDE_1.17.0/STM32CubeIDE/plugins/com.st.stm32cube.ide.mcu.externaltools.gnu-tools-for-stm32.12.3.rel1.win32_1.1.0.202410251130/tools/bin/../lib/gcc/arm-none-eabi/12.3.1/../../../../arm-none-eabi/lib/thumb/v7e-m+fp/hard\libc_nano.a(libc_a-stdio.o)
                0x0800af5a                __swrite
 .text.__sseek  0x0800af92       0x24 C:/ST/STM32CubeIDE_1.17.0/STM32CubeIDE/plugins/com.st.stm32cube.ide.mcu.externaltools.gnu-tools-for-stm32.12.3.rel1.win32_1.1.0.202410251130/tools/bin/../lib/gcc/arm-none-eabi/12.3.1/../../../../arm-none-eabi/lib/thumb/v7e-m+fp/hard\libc_nano.a(libc_a-stdio.o)
                0x0800af92                __sseek
 .text.__sclose
                0x0800afb6        0x8 C:/ST/STM32CubeIDE_1.17.0/STM32CubeIDE/plugins/com.st.stm32cube.ide.mcu.externaltools.gnu-tools-for-stm32.12.3.rel1.win32_1.1.0.202410251130/tools/bin/../lib/gcc/arm-none-eabi/12.3.1/../../../../arm-none-eabi/lib/thumb/v7e-m+fp/hard\libc_nano.a(libc_a-stdio.o)
                0x0800afb6                __sclose
 .text.__swbuf_r
                0x0800afbe       0x7c C:/ST/STM32CubeIDE_1.17.0/STM32CubeIDE/plugins/com.st.stm32cube.ide.mcu.externaltools.gnu-tools-for-stm32.12.3.rel1.win32_1.1.0.202410251130/tools/bin/../lib/gcc/arm-none-eabi/12.3.1/../../../../arm-none-eabi/lib/thumb/v7e-m+fp/hard\libc_nano.a(libc_a-wbuf.o)
                0x0800afbe                __swbuf_r
 *fill*         0x0800b03a        0x2 
 .text.__swsetup_r
                0x0800b03c       0xac C:/ST/STM32CubeIDE_1.17.0/STM32CubeIDE/plugins/com.st.stm32cube.ide.mcu.externaltools.gnu-tools-for-stm32.12.3.rel1.win32_1.1.0.202410251130/tools/bin/../lib/gcc/arm-none-eabi/12.3.1/../../../../arm-none-eabi/lib/thumb/v7e-m+fp/hard\libc_nano.a(libc_a-wsetup.o)
                0x0800b03c                __swsetup_r
 .text.memset   0x0800b0e8       0x10 C:/ST/STM32CubeIDE_1.17.0/STM32CubeIDE/plugins/com.st.stm32cube.ide.mcu.externaltools.gnu-tools-for-stm32.12.3.rel1.win32_1.1.0.202410251130/tools/bin/../lib/gcc/arm-none-eabi/12.3.1/../../../../arm-none-eabi/lib/thumb/v7e-m+fp/hard\libc_nano.a(libc_a-memset.o)
                0x0800b0e8                memset
 .text._localeconv_r
                0x0800b0f8        0x8 C:/ST/STM32CubeIDE_1.17.0/STM32CubeIDE/plugins/com.st.stm32cube.ide.mcu.externaltools.gnu-tools-for-stm32.12.3.rel1.win32_1.1.0.202410251130/tools/bin/../lib/gcc/arm-none-eabi/12.3.1/../../../../arm-none-eabi/lib/thumb/v7e-m+fp/hard\libc_nano.a(libc_a-localeconv.o)
                0x0800b0f8                _localeconv_r
 .text._close_r
                0x0800b100       0x20 C:/ST/STM32CubeIDE_1.17.0/STM32CubeIDE/plugins/com.st.stm32cube.ide.mcu.externaltools.gnu-tools-for-stm32.12.3.rel1.win32_1.1.0.202410251130/tools/bin/../lib/gcc/arm-none-eabi/12.3.1/../../../../arm-none-eabi/lib/thumb/v7e-m+fp/hard\libc_nano.a(libc_a-closer.o)
                0x0800b100                _close_r
 .text._reclaim_reent
                0x0800b120       0xac C:/ST/STM32CubeIDE_1.17.0/STM32CubeIDE/plugins/com.st.stm32cube.ide.mcu.externaltools.gnu-tools-for-stm32.12.3.rel1.win32_1.1.0.202410251130/tools/bin/../lib/gcc/arm-none-eabi/12.3.1/../../../../arm-none-eabi/lib/thumb/v7e-m+fp/hard\libc_nano.a(libc_a-reent.o)
                0x0800b120                _reclaim_reent
 .text._lseek_r
                0x0800b1cc       0x24 C:/ST/STM32CubeIDE_1.17.0/STM32CubeIDE/plugins/com.st.stm32cube.ide.mcu.externaltools.gnu-tools-for-stm32.12.3.rel1.win32_1.1.0.202410251130/tools/bin/../lib/gcc/arm-none-eabi/12.3.1/../../../../arm-none-eabi/lib/thumb/v7e-m+fp/hard\libc_nano.a(libc_a-lseekr.o)
                0x0800b1cc                _lseek_r
 .text._read_r  0x0800b1f0       0x24 C:/ST/STM32CubeIDE_1.17.0/STM32CubeIDE/plugins/com.st.stm32cube.ide.mcu.externaltools.gnu-tools-for-stm32.12.3.rel1.win32_1.1.0.202410251130/tools/bin/../lib/gcc/arm-none-eabi/12.3.1/../../../../arm-none-eabi/lib/thumb/v7e-m+fp/hard\libc_nano.a(libc_a-readr.o)
                0x0800b1f0                _read_r
 .text._sbrk_r  0x0800b214       0x20 C:/ST/STM32CubeIDE_1.17.0/STM32CubeIDE/plugins/com.st.stm32cube.ide.mcu.externaltools.gnu-tools-for-stm32.12.3.rel1.win32_1.1.0.202410251130/tools/bin/../lib/gcc/arm-none-eabi/12.3.1/../../../../arm-none-eabi/lib/thumb/v7e-m+fp/hard\libc_nano.a(libc_a-sbrkr.o)
                0x0800b214                _sbrk_r
 .text._write_r
                0x0800b234       0x24 C:/ST/STM32CubeIDE_1.17.0/STM32CubeIDE/plugins/com.st.stm32cube.ide.mcu.externaltools.gnu-tools-for-stm32.12.3.rel1.win32_1.1.0.202410251130/tools/bin/../lib/gcc/arm-none-eabi/12.3.1/../../../../arm-none-eabi/lib/thumb/v7e-m+fp/hard\libc_nano.a(libc_a-writer.o)
                0x0800b234                _write_r
 .text.__errno  0x0800b258        0xc C:/ST/STM32CubeIDE_1.17.0/STM32CubeIDE/plugins/com.st.stm32cube.ide.mcu.externaltools.gnu-tools-for-stm32.12.3.rel1.win32_1.1.0.202410251130/tools/bin/../lib/gcc/arm-none-eabi/12.3.1/../../../../arm-none-eabi/lib/thumb/v7e-m+fp/hard\libc_nano.a(libc_a-errno.o)
                0x0800b258                __errno
 .text.__libc_init_array
                0x0800b264       0x48 C:/ST/STM32CubeIDE_1.17.0/STM32CubeIDE/plugins/com.st.stm32cube.ide.mcu.externaltools.gnu-tools-for-stm32.12.3.rel1.win32_1.1.0.202410251130/tools/bin/../lib/gcc/arm-none-eabi/12.3.1/../../../../arm-none-eabi/lib/thumb/v7e-m+fp/hard\libc_nano.a(libc_a-init.o)
                0x0800b264                __libc_init_array
 .text.__retarget_lock_init_recursive
                0x0800b2ac        0x2 C:/ST/STM32CubeIDE_1.17.0/STM32CubeIDE/plugins/com.st.stm32cube.ide.mcu.externaltools.gnu-tools-for-stm32.12.3.rel1.win32_1.1.0.202410251130/tools/bin/../lib/gcc/arm-none-eabi/12.3.1/../../../../arm-none-eabi/lib/thumb/v7e-m+fp/hard\libc_nano.a(libc_a-lock.o)
                0x0800b2ac                __retarget_lock_init_recursive
 .text.__retarget_lock_acquire_recursive
                0x0800b2ae        0x2 C:/ST/STM32CubeIDE_1.17.0/STM32CubeIDE/plugins/com.st.stm32cube.ide.mcu.externaltools.gnu-tools-for-stm32.12.3.rel1.win32_1.1.0.202410251130/tools/bin/../lib/gcc/arm-none-eabi/12.3.1/../../../../arm-none-eabi/lib/thumb/v7e-m+fp/hard\libc_nano.a(libc_a-lock.o)
                0x0800b2ae                __retarget_lock_acquire_recursive
 .text.__retarget_lock_release_recursive
                0x0800b2b0        0x2 C:/ST/STM32CubeIDE_1.17.0/STM32CubeIDE/plugins/com.st.stm32cube.ide.mcu.externaltools.gnu-tools-for-stm32.12.3.rel1.win32_1.1.0.202410251130/tools/bin/../lib/gcc/arm-none-eabi/12.3.1/../../../../arm-none-eabi/lib/thumb/v7e-m+fp/hard\libc_nano.a(libc_a-lock.o)
                0x0800b2b0                __retarget_lock_release_recursive
 .text.memcpy   0x0800b2b2       0x1c C:/ST/STM32CubeIDE_1.17.0/STM32CubeIDE/plugins/com.st.stm32cube.ide.mcu.externaltools.gnu-tools-for-stm32.12.3.rel1.win32_1.1.0.202410251130/tools/bin/../lib/gcc/arm-none-eabi/12.3.1/../../../../arm-none-eabi/lib/thumb/v7e-m+fp/hard\libc_nano.a(libc_a-memcpy-stub.o)
                0x0800b2b2                memcpy
 .text.quorem   0x0800b2ce      0x110 C:/ST/STM32CubeIDE_1.17.0/STM32CubeIDE/plugins/com.st.stm32cube.ide.mcu.externaltools.gnu-tools-for-stm32.12.3.rel1.win32_1.1.0.202410251130/tools/bin/../lib/gcc/arm-none-eabi/12.3.1/../../../../arm-none-eabi/lib/thumb/v7e-m+fp/hard\libc_nano.a(libc_a-dtoa.o)
 *fill*         0x0800b3de        0x2 
 .text._dtoa_r  0x0800b3e0      0xb88 C:/ST/STM32CubeIDE_1.17.0/STM32CubeIDE/plugins/com.st.stm32cube.ide.mcu.externaltools.gnu-tools-for-stm32.12.3.rel1.win32_1.1.0.202410251130/tools/bin/../lib/gcc/arm-none-eabi/12.3.1/../../../../arm-none-eabi/lib/thumb/v7e-m+fp/hard\libc_nano.a(libc_a-dtoa.o)
                0x0800b3e0                _dtoa_r
 .text._free_r  0x0800bf68       0x94 C:/ST/STM32CubeIDE_1.17.0/STM32CubeIDE/plugins/com.st.stm32cube.ide.mcu.externaltools.gnu-tools-for-stm32.12.3.rel1.win32_1.1.0.202410251130/tools/bin/../lib/gcc/arm-none-eabi/12.3.1/../../../../arm-none-eabi/lib/thumb/v7e-m+fp/hard\libc_nano.a(libc_a-freer.o)
                0x0800bf68                _free_r
 .text._Balloc  0x0800bffc       0x80 C:/ST/STM32CubeIDE_1.17.0/STM32CubeIDE/plugins/com.st.stm32cube.ide.mcu.externaltools.gnu-tools-for-stm32.12.3.rel1.win32_1.1.0.202410251130/tools/bin/../lib/gcc/arm-none-eabi/12.3.1/../../../../arm-none-eabi/lib/thumb/v7e-m+fp/hard\libc_nano.a(libc_a-mprec.o)
                0x0800bffc                _Balloc
 .text._Bfree   0x0800c07c       0x44 C:/ST/STM32CubeIDE_1.17.0/STM32CubeIDE/plugins/com.st.stm32cube.ide.mcu.externaltools.gnu-tools-for-stm32.12.3.rel1.win32_1.1.0.202410251130/tools/bin/../lib/gcc/arm-none-eabi/12.3.1/../../../../arm-none-eabi/lib/thumb/v7e-m+fp/hard\libc_nano.a(libc_a-mprec.o)
                0x0800c07c                _Bfree
 .text.__multadd
                0x0800c0c0       0x8c C:/ST/STM32CubeIDE_1.17.0/STM32CubeIDE/plugins/com.st.stm32cube.ide.mcu.externaltools.gnu-tools-for-stm32.12.3.rel1.win32_1.1.0.202410251130/tools/bin/../lib/gcc/arm-none-eabi/12.3.1/../../../../arm-none-eabi/lib/thumb/v7e-m+fp/hard\libc_nano.a(libc_a-mprec.o)
                0x0800c0c0                __multadd
 .text.__hi0bits
                0x0800c14c       0x3e C:/ST/STM32CubeIDE_1.17.0/STM32CubeIDE/plugins/com.st.stm32cube.ide.mcu.externaltools.gnu-tools-for-stm32.12.3.rel1.win32_1.1.0.202410251130/tools/bin/../lib/gcc/arm-none-eabi/12.3.1/../../../../arm-none-eabi/lib/thumb/v7e-m+fp/hard\libc_nano.a(libc_a-mprec.o)
                0x0800c14c                __hi0bits
 .text.__lo0bits
                0x0800c18a       0x5a C:/ST/STM32CubeIDE_1.17.0/STM32CubeIDE/plugins/com.st.stm32cube.ide.mcu.externaltools.gnu-tools-for-stm32.12.3.rel1.win32_1.1.0.202410251130/tools/bin/../lib/gcc/arm-none-eabi/12.3.1/../../../../arm-none-eabi/lib/thumb/v7e-m+fp/hard\libc_nano.a(libc_a-mprec.o)
                0x0800c18a                __lo0bits
 .text.__i2b    0x0800c1e4       0x2c C:/ST/STM32CubeIDE_1.17.0/STM32CubeIDE/plugins/com.st.stm32cube.ide.mcu.externaltools.gnu-tools-for-stm32.12.3.rel1.win32_1.1.0.202410251130/tools/bin/../lib/gcc/arm-none-eabi/12.3.1/../../../../arm-none-eabi/lib/thumb/v7e-m+fp/hard\libc_nano.a(libc_a-mprec.o)
                0x0800c1e4                __i2b
 .text.__multiply
                0x0800c210      0x154 C:/ST/STM32CubeIDE_1.17.0/STM32CubeIDE/plugins/com.st.stm32cube.ide.mcu.externaltools.gnu-tools-for-stm32.12.3.rel1.win32_1.1.0.202410251130/tools/bin/../lib/gcc/arm-none-eabi/12.3.1/../../../../arm-none-eabi/lib/thumb/v7e-m+fp/hard\libc_nano.a(libc_a-mprec.o)
                0x0800c210                __multiply
 .text.__pow5mult
                0x0800c364       0xb4 C:/ST/STM32CubeIDE_1.17.0/STM32CubeIDE/plugins/com.st.stm32cube.ide.mcu.externaltools.gnu-tools-for-stm32.12.3.rel1.win32_1.1.0.202410251130/tools/bin/../lib/gcc/arm-none-eabi/12.3.1/../../../../arm-none-eabi/lib/thumb/v7e-m+fp/hard\libc_nano.a(libc_a-mprec.o)
                0x0800c364                __pow5mult
 .text.__lshift
                0x0800c418       0xd8 C:/ST/STM32CubeIDE_1.17.0/STM32CubeIDE/plugins/com.st.stm32cube.ide.mcu.externaltools.gnu-tools-for-stm32.12.3.rel1.win32_1.1.0.202410251130/tools/bin/../lib/gcc/arm-none-eabi/12.3.1/../../../../arm-none-eabi/lib/thumb/v7e-m+fp/hard\libc_nano.a(libc_a-mprec.o)
                0x0800c418                __lshift
 .text.__mcmp   0x0800c4f0       0x36 C:/ST/STM32CubeIDE_1.17.0/STM32CubeIDE/plugins/com.st.stm32cube.ide.mcu.externaltools.gnu-tools-for-stm32.12.3.rel1.win32_1.1.0.202410251130/tools/bin/../lib/gcc/arm-none-eabi/12.3.1/../../../../arm-none-eabi/lib/thumb/v7e-m+fp/hard\libc_nano.a(libc_a-mprec.o)
                0x0800c4f0                __mcmp
 *fill*         0x0800c526        0x2 
 .text.__mdiff  0x0800c528      0x128 C:/ST/STM32CubeIDE_1.17.0/STM32CubeIDE/plugins/com.st.stm32cube.ide.mcu.externaltools.gnu-tools-for-stm32.12.3.rel1.win32_1.1.0.202410251130/tools/bin/../lib/gcc/arm-none-eabi/12.3.1/../../../../arm-none-eabi/lib/thumb/v7e-m+fp/hard\libc_nano.a(libc_a-mprec.o)
                0x0800c528                __mdiff
 .text.__d2b    0x0800c650       0xb0 C:/ST/STM32CubeIDE_1.17.0/STM32CubeIDE/plugins/com.st.stm32cube.ide.mcu.externaltools.gnu-tools-for-stm32.12.3.rel1.win32_1.1.0.202410251130/tools/bin/../lib/gcc/arm-none-eabi/12.3.1/../../../../arm-none-eabi/lib/thumb/v7e-m+fp/hard\libc_nano.a(libc_a-mprec.o)
                0x0800c650                __d2b
 .text._malloc_usable_size_r
                0x0800c700       0x10 C:/ST/STM32CubeIDE_1.17.0/STM32CubeIDE/plugins/com.st.stm32cube.ide.mcu.externaltools.gnu-tools-for-stm32.12.3.rel1.win32_1.1.0.202410251130/tools/bin/../lib/gcc/arm-none-eabi/12.3.1/../../../../arm-none-eabi/lib/thumb/v7e-m+fp/hard\libc_nano.a(libc_a-msizer.o)
                0x0800c700                _malloc_usable_size_r
 .text.__ssputs_r
                0x0800c710       0xb6 C:/ST/STM32CubeIDE_1.17.0/STM32CubeIDE/plugins/com.st.stm32cube.ide.mcu.externaltools.gnu-tools-for-stm32.12.3.rel1.win32_1.1.0.202410251130/tools/bin/../lib/gcc/arm-none-eabi/12.3.1/../../../../arm-none-eabi/lib/thumb/v7e-m+fp/hard\libc_nano.a(libc_a-nano-svfprintf.o)
                0x0800c710                __ssputs_r
 *fill*         0x0800c7c6        0x2 
 .text._svfprintf_r
                0x0800c7c8      0x1f8 C:/ST/STM32CubeIDE_1.17.0/STM32CubeIDE/plugins/com.st.stm32cube.ide.mcu.externaltools.gnu-tools-for-stm32.12.3.rel1.win32_1.1.0.202410251130/tools/bin/../lib/gcc/arm-none-eabi/12.3.1/../../../../arm-none-eabi/lib/thumb/v7e-m+fp/hard\libc_nano.a(libc_a-nano-svfprintf.o)
                0x0800c7c8                _svfiprintf_r
                0x0800c7c8                _svfprintf_r
 .text.__sfputc_r
                0x0800c9c0       0x2e C:/ST/STM32CubeIDE_1.17.0/STM32CubeIDE/plugins/com.st.stm32cube.ide.mcu.externaltools.gnu-tools-for-stm32.12.3.rel1.win32_1.1.0.202410251130/tools/bin/../lib/gcc/arm-none-eabi/12.3.1/../../../../arm-none-eabi/lib/thumb/v7e-m+fp/hard\libc_nano.a(libc_a-nano-vfprintf.o)
 .text.__sfputs_r
                0x0800c9ee       0x24 C:/ST/STM32CubeIDE_1.17.0/STM32CubeIDE/plugins/com.st.stm32cube.ide.mcu.externaltools.gnu-tools-for-stm32.12.3.rel1.win32_1.1.0.202410251130/tools/bin/../lib/gcc/arm-none-eabi/12.3.1/../../../../arm-none-eabi/lib/thumb/v7e-m+fp/hard\libc_nano.a(libc_a-nano-vfprintf.o)
                0x0800c9ee                __sfputs_r
 *fill*         0x0800ca12        0x2 
 .text._vfprintf_r
                0x0800ca14      0x230 C:/ST/STM32CubeIDE_1.17.0/STM32CubeIDE/plugins/com.st.stm32cube.ide.mcu.externaltools.gnu-tools-for-stm32.12.3.rel1.win32_1.1.0.202410251130/tools/bin/../lib/gcc/arm-none-eabi/12.3.1/../../../../arm-none-eabi/lib/thumb/v7e-m+fp/hard\libc_nano.a(libc_a-nano-vfprintf.o)
                0x0800ca14                _vfprintf_r
                0x0800ca14                _vfiprintf_r
 .text.__sflush_r
                0x0800cc44      0x108 C:/ST/STM32CubeIDE_1.17.0/STM32CubeIDE/plugins/com.st.stm32cube.ide.mcu.externaltools.gnu-tools-for-stm32.12.3.rel1.win32_1.1.0.202410251130/tools/bin/../lib/gcc/arm-none-eabi/12.3.1/../../../../arm-none-eabi/lib/thumb/v7e-m+fp/hard\libc_nano.a(libc_a-fflush.o)
                0x0800cc44                __sflush_r
 .text._fflush_r
                0x0800cd4c       0x50 C:/ST/STM32CubeIDE_1.17.0/STM32CubeIDE/plugins/com.st.stm32cube.ide.mcu.externaltools.gnu-tools-for-stm32.12.3.rel1.win32_1.1.0.202410251130/tools/bin/../lib/gcc/arm-none-eabi/12.3.1/../../../../arm-none-eabi/lib/thumb/v7e-m+fp/hard\libc_nano.a(libc_a-fflush.o)
                0x0800cd4c                _fflush_r
 .text.__swhatbuf_r
                0x0800cd9c       0x4c C:/ST/STM32CubeIDE_1.17.0/STM32CubeIDE/plugins/com.st.stm32cube.ide.mcu.externaltools.gnu-tools-for-stm32.12.3.rel1.win32_1.1.0.202410251130/tools/bin/../lib/gcc/arm-none-eabi/12.3.1/../../../../arm-none-eabi/lib/thumb/v7e-m+fp/hard\libc_nano.a(libc_a-makebuf.o)
                0x0800cd9c                __swhatbuf_r
 .text.__smakebuf_r
                0x0800cde8       0x78 C:/ST/STM32CubeIDE_1.17.0/STM32CubeIDE/plugins/com.st.stm32cube.ide.mcu.externaltools.gnu-tools-for-stm32.12.3.rel1.win32_1.1.0.202410251130/tools/bin/../lib/gcc/arm-none-eabi/12.3.1/../../../../arm-none-eabi/lib/thumb/v7e-m+fp/hard\libc_nano.a(libc_a-makebuf.o)
                0x0800cde8                __smakebuf_r
 .text.memmove  0x0800ce60       0x34 C:/ST/STM32CubeIDE_1.17.0/STM32CubeIDE/plugins/com.st.stm32cube.ide.mcu.externaltools.gnu-tools-for-stm32.12.3.rel1.win32_1.1.0.202410251130/tools/bin/../lib/gcc/arm-none-eabi/12.3.1/../../../../arm-none-eabi/lib/thumb/v7e-m+fp/hard\libc_nano.a(libc_a-memmove.o)
                0x0800ce60                memmove
 .text._fstat_r
                0x0800ce94       0x24 C:/ST/STM32CubeIDE_1.17.0/STM32CubeIDE/plugins/com.st.stm32cube.ide.mcu.externaltools.gnu-tools-for-stm32.12.3.rel1.win32_1.1.0.202410251130/tools/bin/../lib/gcc/arm-none-eabi/12.3.1/../../../../arm-none-eabi/lib/thumb/v7e-m+fp/hard\libc_nano.a(libc_a-fstatr.o)
                0x0800ce94                _fstat_r
 .text._isatty_r
                0x0800ceb8       0x20 C:/ST/STM32CubeIDE_1.17.0/STM32CubeIDE/plugins/com.st.stm32cube.ide.mcu.externaltools.gnu-tools-for-stm32.12.3.rel1.win32_1.1.0.202410251130/tools/bin/../lib/gcc/arm-none-eabi/12.3.1/../../../../arm-none-eabi/lib/thumb/v7e-m+fp/hard\libc_nano.a(libc_a-isattyr.o)
                0x0800ceb8                _isatty_r
 .text.__assert_func
                0x0800ced8       0x3c C:/ST/STM32CubeIDE_1.17.0/STM32CubeIDE/plugins/com.st.stm32cube.ide.mcu.externaltools.gnu-tools-for-stm32.12.3.rel1.win32_1.1.0.202410251130/tools/bin/../lib/gcc/arm-none-eabi/12.3.1/../../../../arm-none-eabi/lib/thumb/v7e-m+fp/hard\libc_nano.a(libc_a-assert.o)
                0x0800ced8                __assert_func
 .text._calloc_r
                0x0800cf14       0x28 C:/ST/STM32CubeIDE_1.17.0/STM32CubeIDE/plugins/com.st.stm32cube.ide.mcu.externaltools.gnu-tools-for-stm32.12.3.rel1.win32_1.1.0.202410251130/tools/bin/../lib/gcc/arm-none-eabi/12.3.1/../../../../arm-none-eabi/lib/thumb/v7e-m+fp/hard\libc_nano.a(libc_a-callocr.o)
                0x0800cf14                _calloc_r
 .text.__ascii_mbtowc
                0x0800cf3c       0x24 C:/ST/STM32CubeIDE_1.17.0/STM32CubeIDE/plugins/com.st.stm32cube.ide.mcu.externaltools.gnu-tools-for-stm32.12.3.rel1.win32_1.1.0.202410251130/tools/bin/../lib/gcc/arm-none-eabi/12.3.1/../../../../arm-none-eabi/lib/thumb/v7e-m+fp/hard\libc_nano.a(libc_a-mbtowc_r.o)
                0x0800cf3c                __ascii_mbtowc
 .text.__ascii_wctomb
                0x0800cf60       0x1a C:/ST/STM32CubeIDE_1.17.0/STM32CubeIDE/plugins/com.st.stm32cube.ide.mcu.externaltools.gnu-tools-for-stm32.12.3.rel1.win32_1.1.0.202410251130/tools/bin/../lib/gcc/arm-none-eabi/12.3.1/../../../../arm-none-eabi/lib/thumb/v7e-m+fp/hard\libc_nano.a(libc_a-wctomb_r.o)
                0x0800cf60                __ascii_wctomb
 *fill*         0x0800cf7a        0x2 
 .text.fprintf  0x0800cf7c       0x24 C:/ST/STM32CubeIDE_1.17.0/STM32CubeIDE/plugins/com.st.stm32cube.ide.mcu.externaltools.gnu-tools-for-stm32.12.3.rel1.win32_1.1.0.202410251130/tools/bin/../lib/gcc/arm-none-eabi/12.3.1/../../../../arm-none-eabi/lib/thumb/v7e-m+fp/hard\libc_nano.a(libc_a-fprintf.o)
                0x0800cf7c                fiprintf
                0x0800cf7c                fprintf
 .text.abort    0x0800cfa0        0xe C:/ST/STM32CubeIDE_1.17.0/STM32CubeIDE/plugins/com.st.stm32cube.ide.mcu.externaltools.gnu-tools-for-stm32.12.3.rel1.win32_1.1.0.202410251130/tools/bin/../lib/gcc/arm-none-eabi/12.3.1/../../../../arm-none-eabi/lib/thumb/v7e-m+fp/hard\libc_nano.a(libc_a-abort.o)
                0x0800cfa0                abort
 .text._raise_r
                0x0800cfae       0x50 C:/ST/STM32CubeIDE_1.17.0/STM32CubeIDE/plugins/com.st.stm32cube.ide.mcu.externaltools.gnu-tools-for-stm32.12.3.rel1.win32_1.1.0.202410251130/tools/bin/../lib/gcc/arm-none-eabi/12.3.1/../../../../arm-none-eabi/lib/thumb/v7e-m+fp/hard\libc_nano.a(libc_a-signal.o)
                0x0800cfae                _raise_r
 *fill*         0x0800cffe        0x2 
 .text.raise    0x0800d000       0x10 C:/ST/STM32CubeIDE_1.17.0/STM32CubeIDE/plugins/com.st.stm32cube.ide.mcu.externaltools.gnu-tools-for-stm32.12.3.rel1.win32_1.1.0.202410251130/tools/bin/../lib/gcc/arm-none-eabi/12.3.1/../../../../arm-none-eabi/lib/thumb/v7e-m+fp/hard\libc_nano.a(libc_a-signal.o)
                0x0800d000                raise
 .text._kill_r  0x0800d010       0x24 C:/ST/STM32CubeIDE_1.17.0/STM32CubeIDE/plugins/com.st.stm32cube.ide.mcu.externaltools.gnu-tools-for-stm32.12.3.rel1.win32_1.1.0.202410251130/tools/bin/../lib/gcc/arm-none-eabi/12.3.1/../../../../arm-none-eabi/lib/thumb/v7e-m+fp/hard\libc_nano.a(libc_a-signalr.o)
                0x0800d010                _kill_r
 .text._getpid_r
                0x0800d034        0x4 C:/ST/STM32CubeIDE_1.17.0/STM32CubeIDE/plugins/com.st.stm32cube.ide.mcu.externaltools.gnu-tools-for-stm32.12.3.rel1.win32_1.1.0.202410251130/tools/bin/../lib/gcc/arm-none-eabi/12.3.1/../../../../arm-none-eabi/lib/thumb/v7e-m+fp/hard\libc_nano.a(libc_a-signalr.o)
                0x0800d034                _getpid_r
 .text.atan2f   0x0800d038        0x4 C:/ST/STM32CubeIDE_1.17.0/STM32CubeIDE/plugins/com.st.stm32cube.ide.mcu.externaltools.gnu-tools-for-stm32.12.3.rel1.win32_1.1.0.202410251130/tools/bin/../lib/gcc/arm-none-eabi/12.3.1/../../../../arm-none-eabi/lib/thumb/v7e-m+fp/hard\libm.a(libm_a-wf_atan2.o)
                0x0800d038                atan2f
 .text.sqrtf    0x0800d03c       0x3c C:/ST/STM32CubeIDE_1.17.0/STM32CubeIDE/plugins/com.st.stm32cube.ide.mcu.externaltools.gnu-tools-for-stm32.12.3.rel1.win32_1.1.0.202410251130/tools/bin/../lib/gcc/arm-none-eabi/12.3.1/../../../../arm-none-eabi/lib/thumb/v7e-m+fp/hard\libm.a(libm_a-wf_sqrt.o)
                0x0800d03c                sqrtf
 .text.__ieee754_sqrtf
                0x0800d078        0x6 C:/ST/STM32CubeIDE_1.17.0/STM32CubeIDE/plugins/com.st.stm32cube.ide.mcu.externaltools.gnu-tools-for-stm32.12.3.rel1.win32_1.1.0.202410251130/tools/bin/../lib/gcc/arm-none-eabi/12.3.1/../../../../arm-none-eabi/lib/thumb/v7e-m+fp/hard\libm.a(libm_a-ef_sqrt.o)
                0x0800d078                __ieee754_sqrtf
 *fill*         0x0800d07e        0x2 
 .text.__ieee754_atan2f
                0x0800d080      0x140 C:/ST/STM32CubeIDE_1.17.0/STM32CubeIDE/plugins/com.st.stm32cube.ide.mcu.externaltools.gnu-tools-for-stm32.12.3.rel1.win32_1.1.0.202410251130/tools/bin/../lib/gcc/arm-none-eabi/12.3.1/../../../../arm-none-eabi/lib/thumb/v7e-m+fp/hard\libm.a(libm_a-ef_atan2.o)
                0x0800d080                __ieee754_atan2f
 .text.atanf    0x0800d1c0      0x1a8 C:/ST/STM32CubeIDE_1.17.0/STM32CubeIDE/plugins/com.st.stm32cube.ide.mcu.externaltools.gnu-tools-for-stm32.12.3.rel1.win32_1.1.0.202410251130/tools/bin/../lib/gcc/arm-none-eabi/12.3.1/../../../../arm-none-eabi/lib/thumb/v7e-m+fp/hard\libm.a(libm_a-sf_atan.o)
                0x0800d1c0                atanf
 .text.fabsf    0x0800d368        0xe C:/ST/STM32CubeIDE_1.17.0/STM32CubeIDE/plugins/com.st.stm32cube.ide.mcu.externaltools.gnu-tools-for-stm32.12.3.rel1.win32_1.1.0.202410251130/tools/bin/../lib/gcc/arm-none-eabi/12.3.1/../../../../arm-none-eabi/lib/thumb/v7e-m+fp/hard\libm.a(libm_a-sf_fabs.o)
                0x0800d368                fabsf
 *fill*         0x0800d376        0x2 
 .text._close   0x0800d378       0x10 C:/ST/STM32CubeIDE_1.17.0/STM32CubeIDE/plugins/com.st.stm32cube.ide.mcu.externaltools.gnu-tools-for-stm32.12.3.rel1.win32_1.1.0.202410251130/tools/bin/../lib/gcc/arm-none-eabi/12.3.1/../../../../arm-none-eabi/lib/thumb/v7e-m+fp/hard\libnosys.a(close.o)
                0x0800d378                _close
 .text._fstat   0x0800d388       0x10 C:/ST/STM32CubeIDE_1.17.0/STM32CubeIDE/plugins/com.st.stm32cube.ide.mcu.externaltools.gnu-tools-for-stm32.12.3.rel1.win32_1.1.0.202410251130/tools/bin/../lib/gcc/arm-none-eabi/12.3.1/../../../../arm-none-eabi/lib/thumb/v7e-m+fp/hard\libnosys.a(fstat.o)
                0x0800d388                _fstat
 .text._getpid  0x0800d398       0x10 C:/ST/STM32CubeIDE_1.17.0/STM32CubeIDE/plugins/com.st.stm32cube.ide.mcu.externaltools.gnu-tools-for-stm32.12.3.rel1.win32_1.1.0.202410251130/tools/bin/../lib/gcc/arm-none-eabi/12.3.1/../../../../arm-none-eabi/lib/thumb/v7e-m+fp/hard\libnosys.a(getpid.o)
                0x0800d398                _getpid
 .text._isatty  0x0800d3a8       0x10 C:/ST/STM32CubeIDE_1.17.0/STM32CubeIDE/plugins/com.st.stm32cube.ide.mcu.externaltools.gnu-tools-for-stm32.12.3.rel1.win32_1.1.0.202410251130/tools/bin/../lib/gcc/arm-none-eabi/12.3.1/../../../../arm-none-eabi/lib/thumb/v7e-m+fp/hard\libnosys.a(isatty.o)
                0x0800d3a8                _isatty
 .text._kill    0x0800d3b8       0x10 C:/ST/STM32CubeIDE_1.17.0/STM32CubeIDE/plugins/com.st.stm32cube.ide.mcu.externaltools.gnu-tools-for-stm32.12.3.rel1.win32_1.1.0.202410251130/tools/bin/../lib/gcc/arm-none-eabi/12.3.1/../../../../arm-none-eabi/lib/thumb/v7e-m+fp/hard\libnosys.a(kill.o)
                0x0800d3b8                _kill
 .text._lseek   0x0800d3c8       0x10 C:/ST/STM32CubeIDE_1.17.0/STM32CubeIDE/plugins/com.st.stm32cube.ide.mcu.externaltools.gnu-tools-for-stm32.12.3.rel1.win32_1.1.0.202410251130/tools/bin/../lib/gcc/arm-none-eabi/12.3.1/../../../../arm-none-eabi/lib/thumb/v7e-m+fp/hard\libnosys.a(lseek.o)
                0x0800d3c8                _lseek
 .text._read    0x0800d3d8       0x10 C:/ST/STM32CubeIDE_1.17.0/STM32CubeIDE/plugins/com.st.stm32cube.ide.mcu.externaltools.gnu-tools-for-stm32.12.3.rel1.win32_1.1.0.202410251130/tools/bin/../lib/gcc/arm-none-eabi/12.3.1/../../../../arm-none-eabi/lib/thumb/v7e-m+fp/hard\libnosys.a(read.o)
                0x0800d3d8                _read
 .text._exit    0x0800d3e8        0x2 C:/ST/STM32CubeIDE_1.17.0/STM32CubeIDE/plugins/com.st.stm32cube.ide.mcu.externaltools.gnu-tools-for-stm32.12.3.rel1.win32_1.1.0.202410251130/tools/bin/../lib/gcc/arm-none-eabi/12.3.1/../../../../arm-none-eabi/lib/thumb/v7e-m+fp/hard\libnosys.a(_exit.o)
                0x0800d3e8                _exit
 *(.glue_7)
 .glue_7        0x0800d3ea        0x0 linker stubs
 *(.glue_7t)
 .glue_7t       0x0800d3ea        0x0 linker stubs
 *(.eh_frame)
 *fill*         0x0800d3ea        0x2 
 .eh_frame      0x0800d3ec        0x0 C:/ST/STM32CubeIDE_1.17.0/STM32CubeIDE/plugins/com.st.stm32cube.ide.mcu.externaltools.gnu-tools-for-stm32.12.3.rel1.win32_1.1.0.202410251130/tools/bin/../lib/gcc/arm-none-eabi/12.3.1/thumb/v7e-m+fp/hard/crtbegin.o
 *(.init)
 .init          0x0800d3ec        0x4 C:/ST/STM32CubeIDE_1.17.0/STM32CubeIDE/plugins/com.st.stm32cube.ide.mcu.externaltools.gnu-tools-for-stm32.12.3.rel1.win32_1.1.0.202410251130/tools/bin/../lib/gcc/arm-none-eabi/12.3.1/thumb/v7e-m+fp/hard/crti.o
                0x0800d3ec                _init
 .init          0x0800d3f0        0x8 C:/ST/STM32CubeIDE_1.17.0/STM32CubeIDE/plugins/com.st.stm32cube.ide.mcu.externaltools.gnu-tools-for-stm32.12.3.rel1.win32_1.1.0.202410251130/tools/bin/../lib/gcc/arm-none-eabi/12.3.1/thumb/v7e-m+fp/hard/crtn.o
 *(.fini)
 .fini          0x0800d3f8        0x4 C:/ST/STM32CubeIDE_1.17.0/STM32CubeIDE/plugins/com.st.stm32cube.ide.mcu.externaltools.gnu-tools-for-stm32.12.3.rel1.win32_1.1.0.202410251130/tools/bin/../lib/gcc/arm-none-eabi/12.3.1/thumb/v7e-m+fp/hard/crti.o
                0x0800d3f8                _fini
 .fini          0x0800d3fc        0x8 C:/ST/STM32CubeIDE_1.17.0/STM32CubeIDE/plugins/com.st.stm32cube.ide.mcu.externaltools.gnu-tools-for-stm32.12.3.rel1.win32_1.1.0.202410251130/tools/bin/../lib/gcc/arm-none-eabi/12.3.1/thumb/v7e-m+fp/hard/crtn.o
                0x0800d404                        . = ALIGN (0x4)
                0x0800d404                        _etext = .

.vfp11_veneer   0x0800d404        0x0
 .vfp11_veneer  0x0800d404        0x0 linker stubs

.v4_bx          0x0800d404        0x0
 .v4_bx         0x0800d404        0x0 linker stubs

.iplt           0x0800d404        0x0
 .iplt          0x0800d404        0x0 C:/ST/STM32CubeIDE_1.17.0/STM32CubeIDE/plugins/com.st.stm32cube.ide.mcu.externaltools.gnu-tools-for-stm32.12.3.rel1.win32_1.1.0.202410251130/tools/bin/../lib/gcc/arm-none-eabi/12.3.1/thumb/v7e-m+fp/hard/crtbegin.o

.rodata         0x0800d420      0xb98
                0x0800d420                        . = ALIGN (0x4)
 *(.rodata)
 .rodata        0x0800d420      0x1f0 ./Core/Src/main.o
 .rodata        0x0800d610        0x5 ./Middlewares/Third_Party/FreeRTOS/Source/tasks.o
 *fill*         0x0800d615        0x3 
 .rodata        0x0800d618       0x65 ./X-CUBE-AI/App/imu_model.o
 *fill*         0x0800d67d        0x3 
 .rodata        0x0800d680       0x30 ./X-CUBE-AI/App/imu_model_data.o
 .rodata        0x0800d6b0       0x10 ../Middlewares/ST/AI/Lib\NetworkRuntime900_CM4_GCC.a(ai_platform_interface.o)
 *(.rodata*)
 .rodata.AHBPrescTable
                0x0800d6c0       0x10 ./Core/Src/system_stm32f4xx.o
                0x0800d6c0                AHBPrescTable
 .rodata.APBPrescTable
                0x0800d6d0        0x8 ./Core/Src/system_stm32f4xx.o
                0x0800d6d0                APBPrescTable
 .rodata.__compound_literal.0
                0x0800d6d8        0xc ./X-CUBE-AI/App/imu_model.o
 .rodata.__compound_literal.1
                0x0800d6e4        0x3 ./X-CUBE-AI/App/imu_model.o
 *fill*         0x0800d6e7        0x1 
 .rodata.__compound_literal.2
                0x0800d6e8        0x8 ./X-CUBE-AI/App/imu_model.o
 .rodata.gemm_2_weights_array_intq
                0x0800d6f0        0x8 ./X-CUBE-AI/App/imu_model.o
 .rodata.__compound_literal.3
                0x0800d6f8        0x4 ./X-CUBE-AI/App/imu_model.o
 .rodata.__compound_literal.4
                0x0800d6fc        0x1 ./X-CUBE-AI/App/imu_model.o
 *fill*         0x0800d6fd        0x3 
 .rodata.__compound_literal.5
                0x0800d700        0x8 ./X-CUBE-AI/App/imu_model.o
 .rodata.serving_default_input0_output_array_intq
                0x0800d708        0x8 ./X-CUBE-AI/App/imu_model.o
 .rodata.__compound_literal.6
                0x0800d710        0x4 ./X-CUBE-AI/App/imu_model.o
 .rodata.__compound_literal.7
                0x0800d714        0x1 ./X-CUBE-AI/App/imu_model.o
 *fill*         0x0800d715        0x3 
 .rodata.__compound_literal.8
                0x0800d718        0x8 ./X-CUBE-AI/App/imu_model.o
 .rodata.gemm_0_output_array_intq
                0x0800d720        0x8 ./X-CUBE-AI/App/imu_model.o
 .rodata.__compound_literal.9
                0x0800d728        0x4 ./X-CUBE-AI/App/imu_model.o
 .rodata.__compound_literal.10
                0x0800d72c        0x1 ./X-CUBE-AI/App/imu_model.o
 *fill*         0x0800d72d        0x3 
 .rodata.__compound_literal.11
                0x0800d730        0x8 ./X-CUBE-AI/App/imu_model.o
 .rodata.gemm_1_output_array_intq
                0x0800d738        0x8 ./X-CUBE-AI/App/imu_model.o
 .rodata.__compound_literal.12
                0x0800d740        0x4 ./X-CUBE-AI/App/imu_model.o
 .rodata.__compound_literal.13
                0x0800d744        0x1 ./X-CUBE-AI/App/imu_model.o
 *fill*         0x0800d745        0x3 
 .rodata.__compound_literal.14
                0x0800d748        0x8 ./X-CUBE-AI/App/imu_model.o
 .rodata.gemm_2_output_array_intq
                0x0800d750        0x8 ./X-CUBE-AI/App/imu_model.o
 .rodata.__compound_literal.15
                0x0800d758        0x4 ./X-CUBE-AI/App/imu_model.o
 .rodata.__compound_literal.16
                0x0800d75c        0x1 ./X-CUBE-AI/App/imu_model.o
 *fill*         0x0800d75d        0x3 
 .rodata.__compound_literal.17
                0x0800d760        0x8 ./X-CUBE-AI/App/imu_model.o
 .rodata.nl_3_output_array_intq
                0x0800d768        0x8 ./X-CUBE-AI/App/imu_model.o
 .rodata.__compound_literal.18
                0x0800d770       0x80 ./X-CUBE-AI/App/imu_model.o
 .rodata.__compound_literal.19
                0x0800d7f0       0x20 ./X-CUBE-AI/App/imu_model.o
 .rodata.__compound_literal.20
                0x0800d810        0x8 ./X-CUBE-AI/App/imu_model.o
 .rodata.gemm_0_weights_array_intq
                0x0800d818        0x8 ./X-CUBE-AI/App/imu_model.o
 .rodata.__compound_literal.21
                0x0800d820       0x40 ./X-CUBE-AI/App/imu_model.o
 .rodata.__compound_literal.22
                0x0800d860       0x10 ./X-CUBE-AI/App/imu_model.o
 .rodata.__compound_literal.23
                0x0800d870        0x8 ./X-CUBE-AI/App/imu_model.o
 .rodata.gemm_1_weights_array_intq
                0x0800d878        0x8 ./X-CUBE-AI/App/imu_model.o
 .rodata.nl_3_nl_params_data
                0x0800d880        0xc ./X-CUBE-AI/App/imu_model.o
 .rodata.nl_3_nl_params
                0x0800d88c       0x10 ./X-CUBE-AI/App/imu_model.o
 .rodata.nl_3_chain
                0x0800d89c        0x8 ./X-CUBE-AI/App/imu_model.o
 .rodata.gemm_2_chain
                0x0800d8a4        0x8 ./X-CUBE-AI/App/imu_model.o
 .rodata.gemm_1_chain
                0x0800d8ac        0x8 ./X-CUBE-AI/App/imu_model.o
 .rodata.gemm_0_chain
                0x0800d8b4        0x8 ./X-CUBE-AI/App/imu_model.o
 *fill*         0x0800d8bc        0x4 
 .rodata.s_imu_model_weights_array_u64
                0x0800d8c0      0x340 ./X-CUBE-AI/App/imu_model_data_params.o
                0x0800d8c0                s_imu_model_weights_array_u64
 .rodata.ai_platform_runtime_get_revision.str1.4
                0x0800dc00        0x1 ../Middlewares/ST/AI/Lib\NetworkRuntime900_CM4_GCC.a(ai_platform_interface.o)
 *fill*         0x0800dc01        0x3 
 .rodata.v.0    0x0800dc04        0x4 ../Middlewares/ST/AI/Lib\NetworkRuntime900_CM4_GCC.a(ai_platform_interface.o)
 .rodata.v.1    0x0800dc08        0x4 ../Middlewares/ST/AI/Lib\NetworkRuntime900_CM4_GCC.a(ai_platform_interface.o)
 .rodata._printf_float.str1.1
                0x0800dc0c       0x12 C:/ST/STM32CubeIDE_1.17.0/STM32CubeIDE/plugins/com.st.stm32cube.ide.mcu.externaltools.gnu-tools-for-stm32.12.3.rel1.win32_1.1.0.202410251130/tools/bin/../lib/gcc/arm-none-eabi/12.3.1/../../../../arm-none-eabi/lib/thumb/v7e-m+fp/hard\libc_nano.a(libc_a-nano-vfprintf_float.o)
 .rodata._printf_i.str1.1
                0x0800dc1e       0x22 C:/ST/STM32CubeIDE_1.17.0/STM32CubeIDE/plugins/com.st.stm32cube.ide.mcu.externaltools.gnu-tools-for-stm32.12.3.rel1.win32_1.1.0.202410251130/tools/bin/../lib/gcc/arm-none-eabi/12.3.1/../../../../arm-none-eabi/lib/thumb/v7e-m+fp/hard\libc_nano.a(libc_a-nano-vfprintf_i.o)
 .rodata._dtoa_r.str1.1
                0x0800dc40       0x8d C:/ST/STM32CubeIDE_1.17.0/STM32CubeIDE/plugins/com.st.stm32cube.ide.mcu.externaltools.gnu-tools-for-stm32.12.3.rel1.win32_1.1.0.202410251130/tools/bin/../lib/gcc/arm-none-eabi/12.3.1/../../../../arm-none-eabi/lib/thumb/v7e-m+fp/hard\libc_nano.a(libc_a-dtoa.o)
                                 0x8f (size before relaxing)
 .rodata._Balloc.str1.1
                0x0800dccd       0x59 C:/ST/STM32CubeIDE_1.17.0/STM32CubeIDE/plugins/com.st.stm32cube.ide.mcu.externaltools.gnu-tools-for-stm32.12.3.rel1.win32_1.1.0.202410251130/tools/bin/../lib/gcc/arm-none-eabi/12.3.1/../../../../arm-none-eabi/lib/thumb/v7e-m+fp/hard\libc_nano.a(libc_a-mprec.o)
                                 0x70 (size before relaxing)
 .rodata.__multadd.str1.1
                0x0800dd26       0x11 C:/ST/STM32CubeIDE_1.17.0/STM32CubeIDE/plugins/com.st.stm32cube.ide.mcu.externaltools.gnu-tools-for-stm32.12.3.rel1.win32_1.1.0.202410251130/tools/bin/../lib/gcc/arm-none-eabi/12.3.1/../../../../arm-none-eabi/lib/thumb/v7e-m+fp/hard\libc_nano.a(libc_a-mprec.o)
 *fill*         0x0800dd26        0x2 
 .rodata.p05.0  0x0800dd28        0xc C:/ST/STM32CubeIDE_1.17.0/STM32CubeIDE/plugins/com.st.stm32cube.ide.mcu.externaltools.gnu-tools-for-stm32.12.3.rel1.win32_1.1.0.202410251130/tools/bin/../lib/gcc/arm-none-eabi/12.3.1/../../../../arm-none-eabi/lib/thumb/v7e-m+fp/hard\libc_nano.a(libc_a-mprec.o)
 *fill*         0x0800dd34        0x4 
 .rodata.__mprec_bigtens
                0x0800dd38       0x28 C:/ST/STM32CubeIDE_1.17.0/STM32CubeIDE/plugins/com.st.stm32cube.ide.mcu.externaltools.gnu-tools-for-stm32.12.3.rel1.win32_1.1.0.202410251130/tools/bin/../lib/gcc/arm-none-eabi/12.3.1/../../../../arm-none-eabi/lib/thumb/v7e-m+fp/hard\libc_nano.a(libc_a-mprec.o)
                0x0800dd38                __mprec_bigtens
 .rodata.__mprec_tens
                0x0800dd60       0xc8 C:/ST/STM32CubeIDE_1.17.0/STM32CubeIDE/plugins/com.st.stm32cube.ide.mcu.externaltools.gnu-tools-for-stm32.12.3.rel1.win32_1.1.0.202410251130/tools/bin/../lib/gcc/arm-none-eabi/12.3.1/../../../../arm-none-eabi/lib/thumb/v7e-m+fp/hard\libc_nano.a(libc_a-mprec.o)