../Drivers/CMSIS/Include/core_cm7.h:2606:26:ITM_SendChar	16	static,ignoring_inline_asm
../Core/Src/main.c:104:5:_write	32	static
../Core/Src/main.c:119:5:main	72	static
../Core/Src/main.c:210:6:SystemClock_Config	88	static
../Core/Src/main.c:256:13:MX_SDMMC1_SD_Init	4	static
../Core/Src/main.c:284:13:MX_USART6_UART_Init	8	static
../Core/Src/main.c:317:13:MX_DMA_Init	16	static
../Core/Src/main.c:338:13:MX_GPIO_Init	48	static
../Core/Src/main.c:361:6:HAL_UART_RxCpltCallback	16	static
../Core/Src/main.c:370:6:FIFO_init	16	static
../Core/Src/main.c:378:6:FIFO_isEmpty	16	static
../Core/Src/main.c:384:6:FIFO_isFull	16	static
../Core/Src/main.c:390:6:FIFO_Enqueue	32	static
../Core/Src/main.c:406:6:FIFO_Dequeue	32	static
../Core/Src/main.c:422:9:DXL_CheckSumCalc	24	static
../Core/Src/main.c:442:6:StartMainTask	16	static
../Core/Src/main.c:458:6:StartRecordTask	256	dynamic
../Core/Src/main.c:493:6:StartDefaultTask	16	static
../Core/Src/main.c:512:6:HAL_TIM_PeriodElapsedCallback	16	static
../Core/Src/main.c:529:6:Error_Handler	4	static,ignoring_inline_asm
