../Drivers/CMSIS/Include/core_cm7.h:2606:26:ITM_SendChar	16	static,ignoring_inline_asm
../Core/Src/main.c:101:5:_write	32	static
../Core/Src/main.c:116:5:main	72	static
../Core/Src/main.c:213:6:SystemClock_Config	88	static
../Core/Src/main.c:259:13:MX_SDMMC1_SD_Init	4	static
../Core/Src/main.c:287:13:MX_USART6_UART_Init	8	static
../Core/Src/main.c:322:13:MX_GPIO_Init	48	static
../Core/Src/main.c:345:6:HAL_UART_RxCpltCallback	16	static
../Core/Src/main.c:354:6:FIFO_init	24	static
../Core/Src/main.c:364:6:FIFO_isEmpty	16	static
../Core/Src/main.c:370:6:FIFO_isFull	16	static
../Core/Src/main.c:376:6:FIFO_Enqueue	16	static
../Core/Src/main.c:389:6:FIFO_Dequeue	16	static
../Core/Src/main.c:402:9:DXL_CheckSumCalc	24	static
../Core/Src/main.c:422:6:StartMainTask	24	static
../Core/Src/main.c:445:6:StartRecordTask	16	static
../Core/Src/main.c:455:6:StartDefaultTask	16	static
../Core/Src/main.c:472:6:HAL_TIM_PeriodElapsedCallback	16	static
../Core/Src/main.c:489:6:Error_Handler	4	static,ignoring_inline_asm
